---
- council_reference: CAR21/0027
  address: 28 Taylor Street TULLY HEADS QLD 4854
  description: Concurrence agency assessment against the Queensland Development Code
    for a side & front boundary setback dispensation for a shed (class 10a)
  info_url: https://ccrc-web.t1cloud.com/T1PRDefault/WebApps/eProperty/P1/eTrack/eTrackApplicationDetails.aspx?ApplicationId=CAR21%2F0027&f=%24P1.ETR.APPDET.VIW&r=P1.WEBGUEST
  date_scraped: '2019-05-15'
  date_received: '2021-04-15'
- council_reference: CAR21/0028
  address: THE RISE 24 Rise Crescent MISSION BEACH QLD 4852
  description: Concurrence agency assessment against the Queensland Development Code
    for a front & side boundary setback dispensation for a dwelling (class1a)
  info_url: https://ccrc-web.t1cloud.com/T1PRDefault/WebApps/eProperty/P1/eTrack/eTrackApplicationDetails.aspx?ApplicationId=CAR21%2F0028&f=%24P1.ETR.APPDET.VIW&r=P1.WEBGUEST
  date_scraped: '2019-05-15'
  date_received: '2021-04-16'
- council_reference: CAR21/0029
  address: 27 Riley Street SOUTH INNISFAIL QLD 4860
  description: Concurrence agency assessment against the Queensland Development Code
    for a front boundary setback dispensation (extension to garage - class 10a)
  info_url: https://ccrc-web.t1cloud.com/T1PRDefault/WebApps/eProperty/P1/eTrack/eTrackApplicationDetails.aspx?ApplicationId=CAR21%2F0029&f=%24P1.ETR.APPDET.VIW&r=P1.WEBGUEST
  date_scraped: '2019-05-15'
  date_received: '2021-04-22'
- council_reference: CAR21/0030
  address: 3 Turner Street SOUTH INNISFAIL QLD 4860
  description: Concurrence agency assessment against the Queensland Development Code
    for a front boundary setback dispensation for an open carport (class 10a)
  info_url: https://ccrc-web.t1cloud.com/T1PRDefault/WebApps/eProperty/P1/eTrack/eTrackApplicationDetails.aspx?ApplicationId=CAR21%2F0030&f=%24P1.ETR.APPDET.VIW&r=P1.WEBGUEST
  date_scraped: '2019-05-15'
  date_received: '2021-04-23'
- council_reference: CAR21/0031
  address: 48 Victoria Street SILKWOOD QLD 4856
  description: Concurrence agency assessment against the Queensland Development Code
    for a boundary setback dispensation for extensions to an existing dwelling including
    a carport (class 10a)
  info_url: https://ccrc-web.t1cloud.com/T1PRDefault/WebApps/eProperty/P1/eTrack/eTrackApplicationDetails.aspx?ApplicationId=CAR21%2F0031&f=%24P1.ETR.APPDET.VIW&r=P1.WEBGUEST
  date_scraped: '2019-05-15'
  date_received: '2021-04-27'
- council_reference: CAR21/0032
  address: 27 Victoria Street CARDWELL QLD 4849
  description: Concurrence agency assessment against the Queensland Development Code
    for a front boundary setback dispensation for a verandah (extension to existing
    dwelling)
  info_url: https://ccrc-web.t1cloud.com/T1PRDefault/WebApps/eProperty/P1/eTrack/eTrackApplicationDetails.aspx?ApplicationId=CAR21%2F0032&f=%24P1.ETR.APPDET.VIW&r=P1.WEBGUEST
  date_scraped: '2019-05-15'
  date_received: '2021-05-05'
- council_reference: CAR21/0033
  address: Donkin Road UTCHEE CREEK QLD 4871
  description: Concurrence agency assessment against alternative provisions in the
    Rural Zone Code of the Cassowary Coast Regional Council Planning Scheme for a
    side & rear boundary setback dispensation for a shed (class 10a) and dwelling
    (class 1a)
  info_url: https://ccrc-web.t1cloud.com/T1PRDefault/WebApps/eProperty/P1/eTrack/eTrackApplicationDetails.aspx?ApplicationId=CAR21%2F0033&f=%24P1.ETR.APPDET.VIW&r=P1.WEBGUEST
  date_scraped: '2019-05-15'
  date_received: '2021-05-04'
- council_reference: CAR21/0034
  address: 1349A El Arish Mission Beach Road MISSION BEACH QLD 4852
  description: Concurrence agency assessment under the alternative provisions of the
    Planning Scheme for a boundary setback dispensation for a shed (class 10a)
  info_url: https://ccrc-web.t1cloud.com/T1PRDefault/WebApps/eProperty/P1/eTrack/eTrackApplicationDetails.aspx?ApplicationId=CAR21%2F0034&f=%24P1.ETR.APPDET.VIW&r=P1.WEBGUEST
  date_scraped: '2019-05-15'
  date_received: '2021-05-06'
- council_reference: CAR21/0035
  address: 1389 El Arish Mission Beach Road MISSION BEACH QLD 4852
  description: Concurrence agency assessment against the alternative provisions of
    the planning scheme for a boundary setback dispensation for extension to existing
    dwelling
  info_url: https://ccrc-web.t1cloud.com/T1PRDefault/WebApps/eProperty/P1/eTrack/eTrackApplicationDetails.aspx?ApplicationId=CAR21%2F0035&f=%24P1.ETR.APPDET.VIW&r=P1.WEBGUEST
  date_scraped: '2019-05-15'
  date_received: '2021-05-06'
- council_reference: CAR21/0036
  address: "'The Oasis' 1 Sandpiper Close MISSION BEACH QLD 4852"
  description: Concurrence agency assessment against the Queensland Development Code
    for a boundary setback dispensation (side and rear boundary)
  info_url: https://ccrc-web.t1cloud.com/T1PRDefault/WebApps/eProperty/P1/eTrack/eTrackApplicationDetails.aspx?ApplicationId=CAR21%2F0036&f=%24P1.ETR.APPDET.VIW&r=P1.WEBGUEST
  date_scraped: '2019-05-15'
  date_received: '2021-05-12'
- council_reference: DA0178/21
  address: Cuscus Place JUBILEE HEIGHTS QLD 4860
  description: Addition to Dwelling (Veranda, Bedroom & Ensuite) - Class 1a - 72m2
  info_url: https://ccrc-web.t1cloud.com/T1PRDefault/WebApps/eProperty/P1/eTrack/eTrackApplicationDetails.aspx?ApplicationId=DA0178%2F21&f=%24P1.ETR.APPDET.VIW&r=P1.WEBGUEST
  date_scraped: '2019-05-15'
  date_received: '2021-04-15'
- council_reference: DA0180/21
  address: 46 Hickory Street GOONDI BEND QLD 4860
  description: Dwelling - Class 1a - 61.415m2 including Plumbing & Drainage
  info_url: https://ccrc-web.t1cloud.com/T1PRDefault/WebApps/eProperty/P1/eTrack/eTrackApplicationDetails.aspx?ApplicationId=DA0180%2F21&f=%24P1.ETR.APPDET.VIW&r=P1.WEBGUEST
  date_scraped: '2019-05-15'
  date_received: '2021-04-16'
- council_reference: DA0181/21
  address: 87-93 Ernest Street INNISFAIL QLD 4860
  description: Re-roof of Warehouse - Class 7b
  info_url: https://ccrc-web.t1cloud.com/T1PRDefault/WebApps/eProperty/P1/eTrack/eTrackApplicationDetails.aspx?ApplicationId=DA0181%2F21&f=%24P1.ETR.APPDET.VIW&r=P1.WEBGUEST
  date_scraped: '2019-05-15'
  date_received: '2021-04-19'
- council_reference: DA0182/21
  address: 17 Koda Street WONGALING BEACH QLD 4852
  description: Dwelling with Plumbing & Drainage - Class 1a - 153.6m2
  info_url: https://ccrc-web.t1cloud.com/T1PRDefault/WebApps/eProperty/P1/eTrack/eTrackApplicationDetails.aspx?ApplicationId=DA0182%2F21&f=%24P1.ETR.APPDET.VIW&r=P1.WEBGUEST
  date_scraped: '2019-05-15'
  date_received: '2021-04-20'
- council_reference: DA0183/21
  address: 687 Old Tully Road DJARAWONG QLD 4854
  description: Re-roof of a Dwelling - Class 1a
  info_url: https://ccrc-web.t1cloud.com/T1PRDefault/WebApps/eProperty/P1/eTrack/eTrackApplicationDetails.aspx?ApplicationId=DA0183%2F21&f=%24P1.ETR.APPDET.VIW&r=P1.WEBGUEST
  date_scraped: '2019-05-15'
  date_received: '2021-04-20'
- council_reference: DA0184/21
  address: 52 Porter Promenade MISSION BEACH QLD 4852
  description: Extension to external Beer Garden at Mission Beach Tavern (Class 6
    - 75.24m2)
  info_url: https://ccrc-web.t1cloud.com/T1PRDefault/WebApps/eProperty/P1/eTrack/eTrackApplicationDetails.aspx?ApplicationId=DA0184%2F21&f=%24P1.ETR.APPDET.VIW&r=P1.WEBGUEST
  date_scraped: '2019-05-15'
  date_received: '2021-04-21'
- council_reference: DA0185/21
  address: 6 Corbett Close BULGUN QLD 4854
  description: Patio Extension (Class 10a - 103.2m2)
  info_url: https://ccrc-web.t1cloud.com/T1PRDefault/WebApps/eProperty/P1/eTrack/eTrackApplicationDetails.aspx?ApplicationId=DA0185%2F21&f=%24P1.ETR.APPDET.VIW&r=P1.WEBGUEST
  date_scraped: '2019-05-15'
  date_received: '2021-04-21'
- council_reference: DA0186/21
  address: 1 Spurwood Close WONGALING BEACH QLD 4852
  description: Shed (Class 10a - 63m2)
  info_url: https://ccrc-web.t1cloud.com/T1PRDefault/WebApps/eProperty/P1/eTrack/eTrackApplicationDetails.aspx?ApplicationId=DA0186%2F21&f=%24P1.ETR.APPDET.VIW&r=P1.WEBGUEST
  date_scraped: '2019-05-15'
  date_received: '2021-04-21'
- council_reference: DA0187/21
  address: 8 Richards Street CARDWELL QLD 4849
  description: Dwelling (Class 1a - 145.4m2) with Plumbing & Drainage & OSF
  info_url: https://ccrc-web.t1cloud.com/T1PRDefault/WebApps/eProperty/P1/eTrack/eTrackApplicationDetails.aspx?ApplicationId=DA0187%2F21&f=%24P1.ETR.APPDET.VIW&r=P1.WEBGUEST
  date_scraped: '2019-05-15'
  date_received: '2021-04-22'
- council_reference: DA0188/21
  address: Bruce Highway GOONDI QLD 4860
  description: Farm Shed - Class 7 - 284.28m2
  info_url: https://ccrc-web.t1cloud.com/T1PRDefault/WebApps/eProperty/P1/eTrack/eTrackApplicationDetails.aspx?ApplicationId=DA0188%2F21&f=%24P1.ETR.APPDET.VIW&r=P1.WEBGUEST
  date_scraped: '2019-05-15'
  date_received: '2021-04-22'
- council_reference: DA0189/21
  address: 27 Riley Street SOUTH INNISFAIL QLD 4860
  description: Shed Extension - Class 10a - 49.8m2
  info_url: https://ccrc-web.t1cloud.com/T1PRDefault/WebApps/eProperty/P1/eTrack/eTrackApplicationDetails.aspx?ApplicationId=DA0189%2F21&f=%24P1.ETR.APPDET.VIW&r=P1.WEBGUEST
  date_scraped: '2019-05-15'
  date_received: '2021-04-22'
- council_reference: DA0190/21
  address: 178 Murray Upper Road MURRIGAL QLD 4854
  description: Industrial Shed (metal fabrication) /Workshop (Class 8 640.5m2+)
  info_url: https://ccrc-web.t1cloud.com/T1PRDefault/WebApps/eProperty/P1/eTrack/eTrackApplicationDetails.aspx?ApplicationId=DA0190%2F21&f=%24P1.ETR.APPDET.VIW&r=P1.WEBGUEST
  date_scraped: '2019-05-15'
  date_received: '2021-04-22'
- council_reference: DA0191/21
  address: 14 Bona Avenue BELVEDERE QLD 4860
  description: Re-roof of a Dwelling - Class 1a
  info_url: https://ccrc-web.t1cloud.com/T1PRDefault/WebApps/eProperty/P1/eTrack/eTrackApplicationDetails.aspx?ApplicationId=DA0191%2F21&f=%24P1.ETR.APPDET.VIW&r=P1.WEBGUEST
  date_scraped: '2019-05-15'
  date_received: '2021-04-23'
- council_reference: DA0192/21
  address: 3 Turner Street SOUTH INNISFAIL QLD 4860
  description: Carport - Class 10a - 58.5m2
  info_url: https://ccrc-web.t1cloud.com/T1PRDefault/WebApps/eProperty/P1/eTrack/eTrackApplicationDetails.aspx?ApplicationId=DA0192%2F21&f=%24P1.ETR.APPDET.VIW&r=P1.WEBGUEST
  date_scraped: '2019-05-15'
  date_received: '2021-04-23'
- council_reference: DA0193/21
  address: 24 Belvedere Avenue BELVEDERE QLD 4860
  description: Dwelling - Class 1a - 240.64m2 including Plumbing & Drainage
  info_url: https://ccrc-web.t1cloud.com/T1PRDefault/WebApps/eProperty/P1/eTrack/eTrackApplicationDetails.aspx?ApplicationId=DA0193%2F21&f=%24P1.ETR.APPDET.VIW&r=P1.WEBGUEST
  date_scraped: '2019-05-15'
  date_received: '2021-04-23'
- council_reference: DA0194/21
  address: Donkin Road UTCHEE CREEK QLD 4871
  description: Dwelling - Class 1a - 278.4m2 including Plumbing & Drainage and OSF
  info_url: https://ccrc-web.t1cloud.com/T1PRDefault/WebApps/eProperty/P1/eTrack/eTrackApplicationDetails.aspx?ApplicationId=DA0194%2F21&f=%24P1.ETR.APPDET.VIW&r=P1.WEBGUEST
  date_scraped: '2019-05-15'
  date_received: '2021-04-23'
- council_reference: DA0195/21
  address: Innisfail-Japoon Road MUNDOO QLD 4860
  description: Dwelling with Plumbing & Drainage & OSF - Class 1a - 305.41m2
  info_url: https://ccrc-web.t1cloud.com/T1PRDefault/WebApps/eProperty/P1/eTrack/eTrackApplicationDetails.aspx?ApplicationId=DA0195%2F21&f=%24P1.ETR.APPDET.VIW&r=P1.WEBGUEST
  date_scraped: '2019-05-15'
  date_received: '2021-04-28'
- council_reference: DA0196/21
  address: 1 Mourilyan Road EAST INNISFAIL QLD 4860
  description: Shed - Class 10a - 15m2
  info_url: https://ccrc-web.t1cloud.com/T1PRDefault/WebApps/eProperty/P1/eTrack/eTrackApplicationDetails.aspx?ApplicationId=DA0196%2F21&f=%24P1.ETR.APPDET.VIW&r=P1.WEBGUEST
  date_scraped: '2019-05-15'
  date_received: '2021-04-28'
- council_reference: DA0197/21
  address: 1 Lindsay Road CARMOO QLD 4852
  description: Finalise old Building Work- Extension to existing shed (Class 10a)
    - DA0355/03
  info_url: https://ccrc-web.t1cloud.com/T1PRDefault/WebApps/eProperty/P1/eTrack/eTrackApplicationDetails.aspx?ApplicationId=DA0197%2F21&f=%24P1.ETR.APPDET.VIW&r=P1.WEBGUEST
  date_scraped: '2019-05-15'
  date_received: '2021-04-28'
- council_reference: DA0198/21
  address: 15 Nivosa Court MISSION BEACH QLD 4852
  description: Dwelling (Class 1a - 141m2) with Plumbing & Drainage
  info_url: https://ccrc-web.t1cloud.com/T1PRDefault/WebApps/eProperty/P1/eTrack/eTrackApplicationDetails.aspx?ApplicationId=DA0198%2F21&f=%24P1.ETR.APPDET.VIW&r=P1.WEBGUEST
  date_scraped: '2019-05-15'
  date_received: '2021-04-28'
- council_reference: DA0199/21
  address: 25-27 Ernest Street INNISFAIL QLD 4860
  description: Alterations to Hotel - Class 6
  info_url: https://ccrc-web.t1cloud.com/T1PRDefault/WebApps/eProperty/P1/eTrack/eTrackApplicationDetails.aspx?ApplicationId=DA0199%2F21&f=%24P1.ETR.APPDET.VIW&r=P1.WEBGUEST
  date_scraped: '2019-05-15'
  date_received: '2021-04-29'
- council_reference: DA0200/21
  address: 30 Mount Leeper Road MOURILYAN HARBOUR QLD 4858
  description: Shed - Class 10a - 60m2
  info_url: https://ccrc-web.t1cloud.com/T1PRDefault/WebApps/eProperty/P1/eTrack/eTrackApplicationDetails.aspx?ApplicationId=DA0200%2F21&f=%24P1.ETR.APPDET.VIW&r=P1.WEBGUEST
  date_scraped: '2019-05-15'
  date_received: '2021-04-29'
- council_reference: DA0202/21
  address: 14 Bunda Street EAST INNISFAIL QLD 4860
  description: Awning - Class 10a - 48.42m2
  info_url: https://ccrc-web.t1cloud.com/T1PRDefault/WebApps/eProperty/P1/eTrack/eTrackApplicationDetails.aspx?ApplicationId=DA0202%2F21&f=%24P1.ETR.APPDET.VIW&r=P1.WEBGUEST
  date_scraped: '2019-05-15'
  date_received: '2021-05-04'
- council_reference: DA0203/21
  address: Hayter Road MARIA CREEKS QLD 4855
  description: Dwelling - Class 1a - 348.23m2 including Plumbing & Drainage
  info_url: https://ccrc-web.t1cloud.com/T1PRDefault/WebApps/eProperty/P1/eTrack/eTrackApplicationDetails.aspx?ApplicationId=DA0203%2F21&f=%24P1.ETR.APPDET.VIW&r=P1.WEBGUEST
  date_scraped: '2019-05-15'
  date_received: '2021-05-04'
- council_reference: DA0204/21
  address: 6 Sanctuary Crescent WONGALING BEACH QLD 4852
  description: Carport - Class 10a - 41.58m2
  info_url: https://ccrc-web.t1cloud.com/T1PRDefault/WebApps/eProperty/P1/eTrack/eTrackApplicationDetails.aspx?ApplicationId=DA0204%2F21&f=%24P1.ETR.APPDET.VIW&r=P1.WEBGUEST
  date_scraped: '2019-05-15'
  date_received: '2021-05-04'
- council_reference: DA0205/21
  address: 82 Schumann Road DJARAWONG QLD 4854
  description: Reroof of a Dwelling (Class 1a)
  info_url: https://ccrc-web.t1cloud.com/T1PRDefault/WebApps/eProperty/P1/eTrack/eTrackApplicationDetails.aspx?ApplicationId=DA0205%2F21&f=%24P1.ETR.APPDET.VIW&r=P1.WEBGUEST
  date_scraped: '2019-05-15'
  date_received: '2021-05-06'
- council_reference: DA0206/21
  address: Locality of HINCHINBROOK QLD 4849
  description: Toilet Block (Class 10a - 5.67m2) with Plumbing & Drainage & OSF
  info_url: https://ccrc-web.t1cloud.com/T1PRDefault/WebApps/eProperty/P1/eTrack/eTrackApplicationDetails.aspx?ApplicationId=DA0206%2F21&f=%24P1.ETR.APPDET.VIW&r=P1.WEBGUEST
  date_scraped: '2019-05-15'
  date_received: '2021-05-06'
- council_reference: DA0207/21
  address: Jack Drive FELUGA QLD 4854
  description: Dwelling (Class 1a - 230m2) with Plumbing & Drainage & OSF
  info_url: https://ccrc-web.t1cloud.com/T1PRDefault/WebApps/eProperty/P1/eTrack/eTrackApplicationDetails.aspx?ApplicationId=DA0207%2F21&f=%24P1.ETR.APPDET.VIW&r=P1.WEBGUEST
  date_scraped: '2019-05-15'
  date_received: '2021-05-06'
- council_reference: DA0208/21
  address: 8 Edmondson Close CARDWELL QLD 4849
  description: Carport (Class 10a - 54m2)
  info_url: https://ccrc-web.t1cloud.com/T1PRDefault/WebApps/eProperty/P1/eTrack/eTrackApplicationDetails.aspx?ApplicationId=DA0208%2F21&f=%24P1.ETR.APPDET.VIW&r=P1.WEBGUEST
  date_scraped: '2019-05-15'
  date_received: '2021-05-06'
- council_reference: DA0209/21
  address: THE RISE 24 Rise Crescent MISSION BEACH QLD 4852
  description: New Dwelling (Class 1a 121m2) with Plumbing & Drainage
  info_url: https://ccrc-web.t1cloud.com/T1PRDefault/WebApps/eProperty/P1/eTrack/eTrackApplicationDetails.aspx?ApplicationId=DA0209%2F21&f=%24P1.ETR.APPDET.VIW&r=P1.WEBGUEST
  date_scraped: '2019-05-15'
  date_received: '2021-05-06'
- council_reference: DA0210/21
  address: Daradgee Road DARADGEE QLD 4860
  description: Shed - Class 10a - 15m2
  info_url: https://ccrc-web.t1cloud.com/T1PRDefault/WebApps/eProperty/P1/eTrack/eTrackApplicationDetails.aspx?ApplicationId=DA0210%2F21&f=%24P1.ETR.APPDET.VIW&r=P1.WEBGUEST
  date_scraped: '2019-05-15'
  date_received: '2021-05-07'
- council_reference: DA0211/21
  address: 28 Taylor Street TULLY HEADS QLD 4854
  description: Garage (Class 10a - 63m2)
  info_url: https://ccrc-web.t1cloud.com/T1PRDefault/WebApps/eProperty/P1/eTrack/eTrackApplicationDetails.aspx?ApplicationId=DA0211%2F21&f=%24P1.ETR.APPDET.VIW&r=P1.WEBGUEST
  date_scraped: '2019-05-15'
  date_received: '2021-05-07'
- council_reference: DA0212/21
  address: Tully-Mission Beach Road MERRYBURN QLD 4854
  description: Farm Shed (Class 7 - 118.56m2)
  info_url: https://ccrc-web.t1cloud.com/T1PRDefault/WebApps/eProperty/P1/eTrack/eTrackApplicationDetails.aspx?ApplicationId=DA0212%2F21&f=%24P1.ETR.APPDET.VIW&r=P1.WEBGUEST
  date_scraped: '2019-05-15'
  date_received: '2021-05-07'
- council_reference: DA0213/21
  address: 42a Rainforest Falls Road COORUMBA QLD 4860
  description: Dwelling - Class 1a - 342.91m2 including Plumbing & Drainage and OSF
  info_url: https://ccrc-web.t1cloud.com/T1PRDefault/WebApps/eProperty/P1/eTrack/eTrackApplicationDetails.aspx?ApplicationId=DA0213%2F21&f=%24P1.ETR.APPDET.VIW&r=P1.WEBGUEST
  date_scraped: '2019-05-15'
  date_received: '2021-05-07'
- council_reference: DA0214/21
  address: 42a Rainforest Falls Road COORUMBA QLD 4860
  description: Shed - Class 10a - 64m2
  info_url: https://ccrc-web.t1cloud.com/T1PRDefault/WebApps/eProperty/P1/eTrack/eTrackApplicationDetails.aspx?ApplicationId=DA0214%2F21&f=%24P1.ETR.APPDET.VIW&r=P1.WEBGUEST
  date_scraped: '2019-05-15'
  date_received: '2021-05-07'
- council_reference: DA0215/21
  address: 54 Merryburn Drive MERRYBURN QLD 4854
  description: Swimming Pool and Fencing (Class 10b)
  info_url: https://ccrc-web.t1cloud.com/T1PRDefault/WebApps/eProperty/P1/eTrack/eTrackApplicationDetails.aspx?ApplicationId=DA0215%2F21&f=%24P1.ETR.APPDET.VIW&r=P1.WEBGUEST
  date_scraped: '2019-05-15'
  date_received: '2021-05-10'
- council_reference: DA0216/21
  address: 54 Merryburn Drive MERRYBURN QLD 4854
  description: Carport (Class 10a - 40.2m2)
  info_url: https://ccrc-web.t1cloud.com/T1PRDefault/WebApps/eProperty/P1/eTrack/eTrackApplicationDetails.aspx?ApplicationId=DA0216%2F21&f=%24P1.ETR.APPDET.VIW&r=P1.WEBGUEST
  date_scraped: '2019-05-15'
  date_received: '2021-05-10'
- council_reference: DA0217/21
  address: 134 Silky Oak Creek Road SILKY OAK QLD 4854
  description: Shed Extension (Class 10a - 87.3m2)
  info_url: https://ccrc-web.t1cloud.com/T1PRDefault/WebApps/eProperty/P1/eTrack/eTrackApplicationDetails.aspx?ApplicationId=DA0217%2F21&f=%24P1.ETR.APPDET.VIW&r=P1.WEBGUEST
  date_scraped: '2019-05-15'
  date_received: '2021-05-10'
- council_reference: DA0219/21
  address: 51 Fitzgerald Esplanade INNISFAIL QLD 4860
  description: Re-roof of Shop - Class 6
  info_url: https://ccrc-web.t1cloud.com/T1PRDefault/WebApps/eProperty/P1/eTrack/eTrackApplicationDetails.aspx?ApplicationId=DA0219%2F21&f=%24P1.ETR.APPDET.VIW&r=P1.WEBGUEST
  date_scraped: '2019-05-15'
  date_received: '2021-05-10'
- council_reference: DA0220/21
  address: 7 Jabiru Street ETTY BAY QLD 4858
  description: Shed - Class 10a - 96m2
  info_url: https://ccrc-web.t1cloud.com/T1PRDefault/WebApps/eProperty/P1/eTrack/eTrackApplicationDetails.aspx?ApplicationId=DA0220%2F21&f=%24P1.ETR.APPDET.VIW&r=P1.WEBGUEST
  date_scraped: '2019-05-15'
  date_received: '2021-05-10'
- council_reference: DA0221/21
  address: 14 Maple Terrace TULLY QLD 4854
  description: Swimming Pool and Fencing (Class 10b)
  info_url: https://ccrc-web.t1cloud.com/T1PRDefault/WebApps/eProperty/P1/eTrack/eTrackApplicationDetails.aspx?ApplicationId=DA0221%2F21&f=%24P1.ETR.APPDET.VIW&r=P1.WEBGUEST
  date_scraped: '2019-05-15'
  date_received: '2021-05-10'
- council_reference: DA0222/21
  address: 450 Davidson Road EURAMO QLD 4854
  description: Farm Shed - (Class 7 - 216m2)
  info_url: https://ccrc-web.t1cloud.com/T1PRDefault/WebApps/eProperty/P1/eTrack/eTrackApplicationDetails.aspx?ApplicationId=DA0222%2F21&f=%24P1.ETR.APPDET.VIW&r=P1.WEBGUEST
  date_scraped: '2019-05-15'
  date_received: '2021-05-10'
- council_reference: DA0223/21
  address: 67 Mourilyan Road EAST INNISFAIL QLD 4860
  description: Greenhouse - Class 10a - 99m2
  info_url: https://ccrc-web.t1cloud.com/T1PRDefault/WebApps/eProperty/P1/eTrack/eTrackApplicationDetails.aspx?ApplicationId=DA0223%2F21&f=%24P1.ETR.APPDET.VIW&r=P1.WEBGUEST
  date_scraped: '2019-05-15'
  date_received: '2021-05-11'
- council_reference: DA0224/21
  address: Bruce Highway DAMPER CREEK QLD 4849
  description: Extension to Seafood Processing Factory (Class 8 - 625m2 +1116m2)
  info_url: https://ccrc-web.t1cloud.com/T1PRDefault/WebApps/eProperty/P1/eTrack/eTrackApplicationDetails.aspx?ApplicationId=DA0224%2F21&f=%24P1.ETR.APPDET.VIW&r=P1.WEBGUEST
  date_scraped: '2019-05-15'
  date_received: '2021-05-11'
- council_reference: DA0225/21
  address: 17 Oceanview Drive WONGALING BEACH QLD 4852
  description: Dwelling - Class 1a - 92.7m2 including Plumbing & Drainage
  info_url: https://ccrc-web.t1cloud.com/T1PRDefault/WebApps/eProperty/P1/eTrack/eTrackApplicationDetails.aspx?ApplicationId=DA0225%2F21&f=%24P1.ETR.APPDET.VIW&r=P1.WEBGUEST
  date_scraped: '2019-05-15'
  date_received: '2021-05-11'
- council_reference: DA0226/21
  address: 12 Graham Close WANGAN QLD 4871
  description: Carport - Class 10a - 61.11m2
  info_url: https://ccrc-web.t1cloud.com/T1PRDefault/WebApps/eProperty/P1/eTrack/eTrackApplicationDetails.aspx?ApplicationId=DA0226%2F21&f=%24P1.ETR.APPDET.VIW&r=P1.WEBGUEST
  date_scraped: '2019-05-15'
  date_received: '2021-05-11'
- council_reference: DA0227/21
  address: 265 New Harbourline Road NEW HARBOURLINE QLD 4858
  description: Re-Roof of a Dwelling - Class 1a
  info_url: https://ccrc-web.t1cloud.com/T1PRDefault/WebApps/eProperty/P1/eTrack/eTrackApplicationDetails.aspx?ApplicationId=DA0227%2F21&f=%24P1.ETR.APPDET.VIW&r=P1.WEBGUEST
  date_scraped: '2019-05-15'
  date_received: '2021-05-11'
- council_reference: DA0228/21
  address: 67 Murray Street TULLY QLD 4854
  description: Patio (Class 10a - 48.15m2) to existing dwelling (2 storey)
  info_url: https://ccrc-web.t1cloud.com/T1PRDefault/WebApps/eProperty/P1/eTrack/eTrackApplicationDetails.aspx?ApplicationId=DA0228%2F21&f=%24P1.ETR.APPDET.VIW&r=P1.WEBGUEST
  date_scraped: '2019-05-15'
  date_received: '2021-05-12'
- council_reference: DA0229/21
  address: 6 Black Street TULLY QLD 4854
  description: Dwelling (Class 1a - 248m2) with Plumbing & Drainage
  info_url: https://ccrc-web.t1cloud.com/T1PRDefault/WebApps/eProperty/P1/eTrack/eTrackApplicationDetails.aspx?ApplicationId=DA0229%2F21&f=%24P1.ETR.APPDET.VIW&r=P1.WEBGUEST
  date_scraped: '2019-05-15'
  date_received: '2021-05-12'
- council_reference: DA0230/21
  address: 24 Dowzer Street TULLY QLD 4854
  description: Shed (Class 10a - 67.4m2)
  info_url: https://ccrc-web.t1cloud.com/T1PRDefault/WebApps/eProperty/P1/eTrack/eTrackApplicationDetails.aspx?ApplicationId=DA0230%2F21&f=%24P1.ETR.APPDET.VIW&r=P1.WEBGUEST
  date_scraped: '2019-05-15'
  date_received: '2021-05-12'
- council_reference: DA0231/21
  address: Formosa Road SILKWOOD QLD 4856
  description: Shed - Class 10a - 67.20m2
  info_url: https://ccrc-web.t1cloud.com/T1PRDefault/WebApps/eProperty/P1/eTrack/eTrackApplicationDetails.aspx?ApplicationId=DA0231%2F21&f=%24P1.ETR.APPDET.VIW&r=P1.WEBGUEST
  date_scraped: '2019-05-15'
  date_received: '2021-05-12'
- council_reference: DA0232/21
  address: 10-12 Bell Street TULLY QLD 4854
  description: Reroof of a Dwelling (Class 1a)
  info_url: https://ccrc-web.t1cloud.com/T1PRDefault/WebApps/eProperty/P1/eTrack/eTrackApplicationDetails.aspx?ApplicationId=DA0232%2F21&f=%24P1.ETR.APPDET.VIW&r=P1.WEBGUEST
  date_scraped: '2019-05-15'
  date_received: '2021-05-12'
- council_reference: DA0233/21
  address: 144 Kennedy Esplanade SOUTH MISSION BEACH QLD 4852
  description: Swimming Pool and Fencing (Class 10b)
  info_url: https://ccrc-web.t1cloud.com/T1PRDefault/WebApps/eProperty/P1/eTrack/eTrackApplicationDetails.aspx?ApplicationId=DA0233%2F21&f=%24P1.ETR.APPDET.VIW&r=P1.WEBGUEST
  date_scraped: '2019-05-15'
  date_received: '2021-05-12'
- council_reference: DBW21/0009
  address: THE RISE 13 Rise Crescent MISSION BEACH QLD 4852
  description: Building work assessable against a planning scheme for a shed (class
    10a) built prior to a dwelling
  info_url: https://ccrc-web.t1cloud.com/T1PRDefault/WebApps/eProperty/P1/eTrack/eTrackApplicationDetails.aspx?ApplicationId=DBW21%2F0009&f=%24P1.ETR.APPDET.VIW&r=P1.WEBGUEST
  date_scraped: '2019-05-15'
  date_received: '2021-04-27'
- council_reference: DBW21/0010
  address: 543 Utchee Creek Road UTCHEE CREEK QLD 4871
  description: Building work assessable against a planning scheme for a front boundary
    setback dispensation for a shed (class7)
  info_url: https://ccrc-web.t1cloud.com/T1PRDefault/WebApps/eProperty/P1/eTrack/eTrackApplicationDetails.aspx?ApplicationId=DBW21%2F0010&f=%24P1.ETR.APPDET.VIW&r=P1.WEBGUEST
  date_scraped: '2019-05-15'
  date_received: '2021-04-28'
- council_reference: MCU21/0023
  address: Donkin Road UTCHEE CREEK QLD 4871
  description: Material change of use for a dwelling house (overlay assessment including
    boundary setback dispensation)
  info_url: https://ccrc-web.t1cloud.com/T1PRDefault/WebApps/eProperty/P1/eTrack/eTrackApplicationDetails.aspx?ApplicationId=MCU21%2F0023&f=%24P1.ETR.APPDET.VIW&r=P1.WEBGUEST
  date_scraped: '2019-05-15'
  date_received: '2021-05-04'
- council_reference: RAL21/0010
  address: 65 Mourilyan Road EAST INNISFAIL QLD 4860
  description: Reconfiguring a lot (one lot into two lots)
  info_url: https://ccrc-web.t1cloud.com/T1PRDefault/WebApps/eProperty/P1/eTrack/eTrackApplicationDetails.aspx?ApplicationId=RAL21%2F0010&f=%24P1.ETR.APPDET.VIW&r=P1.WEBGUEST
  date_scraped: '2019-05-15'
  date_received: '2021-04-29'
