---
- council_reference: DA0321/23
  address: 35 Serpentine Lane BOWEN MOUNTAIN NSW 2753
  description: Pending Lodgement - PAN-360413 - Dwelling House - Alterations & Additions
    and Construction of a Swimming Pool and Deck
  info_url: https://hawkesbury-web.t1cloud.com/T1PRDefault/WebApps/eProperty/P1/eTrack/eTrackApplicationDetails.aspx?ApplicationId=DA0321%2F23&f=%24P1.ETR.APPDET.VIW&r=P1.WEBGUEST
  date_scraped: '2019-05-15'
  date_received: '2023-08-11'
- council_reference: DA0322/23
  address: 7 Elizabeth Street NORTH RICHMOND NSW 2754
  description: Signage
  info_url: https://hawkesbury-web.t1cloud.com/T1PRDefault/WebApps/eProperty/P1/eTrack/eTrackApplicationDetails.aspx?ApplicationId=DA0322%2F23&f=%24P1.ETR.APPDET.VIW&r=P1.WEBGUEST
  date_scraped: '2019-05-15'
  date_received: '2023-08-12'
- council_reference: DA0323/23
  address: 449 Blaxlands Ridge Road BLAXLANDS RIDGE NSW 2758
  description: Pending Lodgement - PAN-360478 - Dwelling House - Construction of a
    Dwelling House
  info_url: https://hawkesbury-web.t1cloud.com/T1PRDefault/WebApps/eProperty/P1/eTrack/eTrackApplicationDetails.aspx?ApplicationId=DA0323%2F23&f=%24P1.ETR.APPDET.VIW&r=P1.WEBGUEST
  date_scraped: '2019-05-15'
  date_received: '2023-08-12'
- council_reference: DA0324/23
  address: 1 Alma Road OAKVILLE NSW 2765
  description: Dwelling House - Construction of a Dwelling House
  info_url: https://hawkesbury-web.t1cloud.com/T1PRDefault/WebApps/eProperty/P1/eTrack/eTrackApplicationDetails.aspx?ApplicationId=DA0324%2F23&f=%24P1.ETR.APPDET.VIW&r=P1.WEBGUEST
  date_scraped: '2019-05-15'
  date_received: '2023-08-14'
- council_reference: DA0325/23
  address: 51 Flying Fox Circuit OAKVILLE NSW 2765
  description: Pending Lodgement - PAN-360906 - Dwelling House - Construction of a
    Dwelling House
  info_url: https://hawkesbury-web.t1cloud.com/T1PRDefault/WebApps/eProperty/P1/eTrack/eTrackApplicationDetails.aspx?ApplicationId=DA0325%2F23&f=%24P1.ETR.APPDET.VIW&r=P1.WEBGUEST
  date_scraped: '2019-05-15'
  date_received: '2023-08-14'
- council_reference: DA0326/23
  address: 240 Commercial Road VINEYARD NSW 2765
  description: Construction of a double storey dwelling.
  info_url: https://hawkesbury-web.t1cloud.com/T1PRDefault/WebApps/eProperty/P1/eTrack/eTrackApplicationDetails.aspx?ApplicationId=DA0326%2F23&f=%24P1.ETR.APPDET.VIW&r=P1.WEBGUEST
  date_scraped: '2019-05-15'
  date_received: '2023-08-15'
- council_reference: DA0327/23
  address: 819 Tizzana Road SACKVILLE NSW 2756
  description: Pending Lodgement - PAN-360951 - Structure Ancillary to Dwelling -
    Swimming Pool
  info_url: https://hawkesbury-web.t1cloud.com/T1PRDefault/WebApps/eProperty/P1/eTrack/eTrackApplicationDetails.aspx?ApplicationId=DA0327%2F23&f=%24P1.ETR.APPDET.VIW&r=P1.WEBGUEST
  date_scraped: '2019-05-15'
  date_received: '2023-08-15'
- council_reference: DA0328/23
  address: 405 Slopes Road THE SLOPES NSW 2754
  description: Proposed Farm Building (Stables)
  info_url: https://hawkesbury-web.t1cloud.com/T1PRDefault/WebApps/eProperty/P1/eTrack/eTrackApplicationDetails.aspx?ApplicationId=DA0328%2F23&f=%24P1.ETR.APPDET.VIW&r=P1.WEBGUEST
  date_scraped: '2019-05-15'
  date_received: '2023-08-15'
- council_reference: DA0329/23
  address: 836 Comleroy Road KURRAJONG NSW 2758
  description: Pending Lodgement - PAN-361463 - Dwelling House - Construction of a
    Dwelling House, Swimming Pool and Outbuilding
  info_url: https://hawkesbury-web.t1cloud.com/T1PRDefault/WebApps/eProperty/P1/eTrack/eTrackApplicationDetails.aspx?ApplicationId=DA0329%2F23&f=%24P1.ETR.APPDET.VIW&r=P1.WEBGUEST
  date_scraped: '2019-05-15'
  date_received: '2023-08-16'
- council_reference: DA0330/23
  address: 1129 East Kurrajong Road EAST KURRAJONG NSW 2758
  description: Pending Lodgement - PAN-361961 - Dwelling House - Demolition of Existing
    Structure and Construction of a Dwelling House
  info_url: https://hawkesbury-web.t1cloud.com/T1PRDefault/WebApps/eProperty/P1/eTrack/eTrackApplicationDetails.aspx?ApplicationId=DA0330%2F23&f=%24P1.ETR.APPDET.VIW&r=P1.WEBGUEST
  date_scraped: '2019-05-15'
  date_received: '2023-08-17'
- council_reference: DA0331/23
  address: 19 Pebbly Hill Road MARAYLYA NSW 2765
  description: Section 68 - Woodfire Heater
  info_url: https://hawkesbury-web.t1cloud.com/T1PRDefault/WebApps/eProperty/P1/eTrack/eTrackApplicationDetails.aspx?ApplicationId=DA0331%2F23&f=%24P1.ETR.APPDET.VIW&r=P1.WEBGUEST
  date_scraped: '2019-05-15'
  date_received: '2023-08-17'
- council_reference: DA0332/23
  address: 146 Old Stock Route Road OAKVILLE NSW 2765
  description: Pending Lodgement - PAN-362244 - Dwelling House - Alterations & Additions
  info_url: https://hawkesbury-web.t1cloud.com/T1PRDefault/WebApps/eProperty/P1/eTrack/eTrackApplicationDetails.aspx?ApplicationId=DA0332%2F23&f=%24P1.ETR.APPDET.VIW&r=P1.WEBGUEST
  date_scraped: '2019-05-15'
  date_received: '2023-08-17'
- council_reference: DA0333/23
  address: 75 Avoca Road GROSE WOLD NSW 2753
  description: Pending Lodgement - PAN-357523 - Structure Ancillary to Dwelling -
    Swimming Pool, Cabana and Deck
  info_url: https://hawkesbury-web.t1cloud.com/T1PRDefault/WebApps/eProperty/P1/eTrack/eTrackApplicationDetails.aspx?ApplicationId=DA0333%2F23&f=%24P1.ETR.APPDET.VIW&r=P1.WEBGUEST
  date_scraped: '2019-05-15'
  date_received: '2023-08-18'
- council_reference: DA0334/23
  address: 2 Forbes Street WINDSOR NSW 2756
  description: Change of Use - Community Facility
  info_url: https://hawkesbury-web.t1cloud.com/T1PRDefault/WebApps/eProperty/P1/eTrack/eTrackApplicationDetails.aspx?ApplicationId=DA0334%2F23&f=%24P1.ETR.APPDET.VIW&r=P1.WEBGUEST
  date_scraped: '2019-05-15'
  date_received: '2023-08-18'
- council_reference: DA0335/23
  address: 35 Bushpea Road OAKVILLE NSW 2765
  description: Pending Lodgement - PAN-362772 - Dwelling House - Construction of a
    Dwelling House
  info_url: https://hawkesbury-web.t1cloud.com/T1PRDefault/WebApps/eProperty/P1/eTrack/eTrackApplicationDetails.aspx?ApplicationId=DA0335%2F23&f=%24P1.ETR.APPDET.VIW&r=P1.WEBGUEST
  date_scraped: '2019-05-15'
  date_received: '2023-08-20'
- council_reference: DA0336/23
  address: 39 Cleary Drive PITT TOWN NSW 2756
  description: Pending Lodgement - PAN-363159 - Structure Ancillary to Dwelling -
    Outbuilding including Stables
  info_url: https://hawkesbury-web.t1cloud.com/T1PRDefault/WebApps/eProperty/P1/eTrack/eTrackApplicationDetails.aspx?ApplicationId=DA0336%2F23&f=%24P1.ETR.APPDET.VIW&r=P1.WEBGUEST
  date_scraped: '2019-05-15'
  date_received: '2023-08-21'
- council_reference: DA0337/23
  address: 167 Ham Street SOUTH WINDSOR NSW 2756
  description: Pending Lodgement - PAN-363132 - Minor demolition to existing yard
    for The proposed additions of new transformer & pallet storage, and new double
    truck garage.
  info_url: https://hawkesbury-web.t1cloud.com/T1PRDefault/WebApps/eProperty/P1/eTrack/eTrackApplicationDetails.aspx?ApplicationId=DA0337%2F23&f=%24P1.ETR.APPDET.VIW&r=P1.WEBGUEST
  date_scraped: '2019-05-15'
  date_received: '2023-08-22'
- council_reference: DA0338/23
  address: 6/21 Vincents Road KURRAJONG NSW 2758
  description: Pending Lodgement - PAN-363408 - Staged community title subdivision
    of Lot 6 in DP270827, 6/21 Vincents Road, Kurrajong. Easements are also to be
    released over Lot 300 in DP1184237, 7 Vincents Road, Kurrajong.
  info_url: https://hawkesbury-web.t1cloud.com/T1PRDefault/WebApps/eProperty/P1/eTrack/eTrackApplicationDetails.aspx?ApplicationId=DA0338%2F23&f=%24P1.ETR.APPDET.VIW&r=P1.WEBGUEST
  date_scraped: '2019-05-15'
  date_received: '2023-08-22'
- council_reference: DA0339/23
  address: 5 Lily Place KURRAJONG NSW 2758
  description: Pending Lodgement - PAN-363625 - Dwelling House - Construction of a
    Dwelling House
  info_url: https://hawkesbury-web.t1cloud.com/T1PRDefault/WebApps/eProperty/P1/eTrack/eTrackApplicationDetails.aspx?ApplicationId=DA0339%2F23&f=%24P1.ETR.APPDET.VIW&r=P1.WEBGUEST
  date_scraped: '2019-05-15'
  date_received: '2023-08-22'
- council_reference: DA0340/23
  address: 151 Grose Wold Road GROSE WOLD NSW 2753
  description: Pending Lodgement - PAN-364062 - Demolition of an Existing Dwelling
    and Construction of a Dwelling House
  info_url: https://hawkesbury-web.t1cloud.com/T1PRDefault/WebApps/eProperty/P1/eTrack/eTrackApplicationDetails.aspx?ApplicationId=DA0340%2F23&f=%24P1.ETR.APPDET.VIW&r=P1.WEBGUEST
  date_scraped: '2019-05-15'
  date_received: '2023-08-23'
- council_reference: DA0341/23
  address: 103 Spinks Road GLOSSODIA NSW 2756
  description: Pending Lodgement - PAN-363732 - This Development Application seeks
    approval to construct a roundabout along Spinks Road, road widening and lead-in
    works to the roundabout and a new entry road off this roundabout at 103 Spinks
    Road to service the future Jacaranda Estate. It also includes associated works
    including tree removal, bulk earthworks, stormwater drainage, relocation/installation
    of services and landscape works.
  info_url: https://hawkesbury-web.t1cloud.com/T1PRDefault/WebApps/eProperty/P1/eTrack/eTrackApplicationDetails.aspx?ApplicationId=DA0341%2F23&f=%24P1.ETR.APPDET.VIW&r=P1.WEBGUEST
  date_scraped: '2019-05-15'
  date_received: '2023-08-24'
- council_reference: DA0342/23
  address: 13 Wilkinson Street PITT TOWN NSW 2756
  description: Pending Lodgement - PAN-361635 - Dwelling House - Alterations & Additions
  info_url: https://hawkesbury-web.t1cloud.com/T1PRDefault/WebApps/eProperty/P1/eTrack/eTrackApplicationDetails.aspx?ApplicationId=DA0342%2F23&f=%24P1.ETR.APPDET.VIW&r=P1.WEBGUEST
  date_scraped: '2019-05-15'
  date_received: '2023-08-25'
- council_reference: DA0343/23
  address: 103 Spinks Road GLOSSODIA NSW 2756
  description: Pending Lodgement - PAN-364304 - This Development Application seeks
    approval for the lake and wetland system incorporating new stormwater detention
    and treatment works to support Jacaranda. The application includes minor earthworks
    to refine the lake levels, construction of a wetland area, stormwater drainage,
    shared perimeter pathway, pedestrian boardwalks, vehicular access track, retaining
    walls, site fencing, a lockable access gate along Spinks Road and associated Lake
    and Wetland landscaping.
  info_url: https://hawkesbury-web.t1cloud.com/T1PRDefault/WebApps/eProperty/P1/eTrack/eTrackApplicationDetails.aspx?ApplicationId=DA0343%2F23&f=%24P1.ETR.APPDET.VIW&r=P1.WEBGUEST
  date_scraped: '2019-05-15'
  date_received: '2023-08-28'
- council_reference: DA0344/23
  address: 193A Mileham Street SOUTH WINDSOR NSW 2756
  description: Pending Lodgement - PAN-364951 - Demolition of existing structures
    and construct new 140 place childcare centre single storey with on-ground carpark
    and associated landscaping and 8 Lot Residential subdivision
  info_url: https://hawkesbury-web.t1cloud.com/T1PRDefault/WebApps/eProperty/P1/eTrack/eTrackApplicationDetails.aspx?ApplicationId=DA0344%2F23&f=%24P1.ETR.APPDET.VIW&r=P1.WEBGUEST
  date_scraped: '2019-05-15'
  date_received: '2023-08-28'
- council_reference: DA0345/23
  address: 131 Burralow Road KURRAJONG HEIGHTS NSW 2758
  description: Pending Lodgement - PAN-364543 - Dwelling House - Construction of a
    Dwelling House and Outbuilding
  info_url: https://hawkesbury-web.t1cloud.com/T1PRDefault/WebApps/eProperty/P1/eTrack/eTrackApplicationDetails.aspx?ApplicationId=DA0345%2F23&f=%24P1.ETR.APPDET.VIW&r=P1.WEBGUEST
  date_scraped: '2019-05-15'
  date_received: '2023-08-28'
- council_reference: DA0346/23
  address: 46 Ginahgullah Avenue GROSE VALE NSW 2753
  description: Pending Lodgement - PAN-364642 - Structure Ancillary to Dwelling -
    Swimming Pool
  info_url: https://hawkesbury-web.t1cloud.com/T1PRDefault/WebApps/eProperty/P1/eTrack/eTrackApplicationDetails.aspx?ApplicationId=DA0346%2F23&f=%24P1.ETR.APPDET.VIW&r=P1.WEBGUEST
  date_scraped: '2019-05-15'
  date_received: '2023-08-28'
- council_reference: DA0347/23
  address: 73 Railway Road North MULGRAVE NSW 2756
  description: Pending Lodgement - PAN-365225 - Subdivision comprising boundary adjustment
    and relocation of existing car parking areas
  info_url: https://hawkesbury-web.t1cloud.com/T1PRDefault/WebApps/eProperty/P1/eTrack/eTrackApplicationDetails.aspx?ApplicationId=DA0347%2F23&f=%24P1.ETR.APPDET.VIW&r=P1.WEBGUEST
  date_scraped: '2019-05-15'
  date_received: '2023-08-28'
- council_reference: DA0348/23
  address: 13 Woodburn Road KURRAJONG NSW 2758
  description: Pending Lodgement - PAN-363197 - Dwelling House - Alterations & Additions,
    Demolition of an Existing Garage and Construction of an Outbuilding
  info_url: https://hawkesbury-web.t1cloud.com/T1PRDefault/WebApps/eProperty/P1/eTrack/eTrackApplicationDetails.aspx?ApplicationId=DA0348%2F23&f=%24P1.ETR.APPDET.VIW&r=P1.WEBGUEST
  date_scraped: '2019-05-15'
  date_received: '2023-08-29'
- council_reference: DA0349/23
  address: 106 Hermitage Road KURRAJONG HILLS NSW 2758
  description: Pending Lodgement - PAN-365410 - Structure Ancillary to Dwelling -
    Construction of a Swimming Pool, Deck & Carport
  info_url: https://hawkesbury-web.t1cloud.com/T1PRDefault/WebApps/eProperty/P1/eTrack/eTrackApplicationDetails.aspx?ApplicationId=DA0349%2F23&f=%24P1.ETR.APPDET.VIW&r=P1.WEBGUEST
  date_scraped: '2019-05-15'
  date_received: '2023-08-29'
- council_reference: DA0351/23
  address: 29 Mountain Avenue YARRAMUNDI NSW 2753
  description: Pending Lodgement - PAN-366192 - Truck Depot - Construction and Use
    of a Building as a Truck Depot
  info_url: https://hawkesbury-web.t1cloud.com/T1PRDefault/WebApps/eProperty/P1/eTrack/eTrackApplicationDetails.aspx?ApplicationId=DA0351%2F23&f=%24P1.ETR.APPDET.VIW&r=P1.WEBGUEST
  date_scraped: '2019-05-15'
  date_received: '2023-08-31'
- council_reference: DA0352/23
  address: 35 George Street WINDSOR NSW 2756
  description: Pending Lodgement - PAN-366384 - Dwelling House - Alterations & Additions
  info_url: https://hawkesbury-web.t1cloud.com/T1PRDefault/WebApps/eProperty/P1/eTrack/eTrackApplicationDetails.aspx?ApplicationId=DA0352%2F23&f=%24P1.ETR.APPDET.VIW&r=P1.WEBGUEST
  date_scraped: '2019-05-15'
  date_received: '2023-08-31'
- council_reference: DA0353/23
  address: 17 Currawong Crescent BOWEN MOUNTAIN NSW 2753
  description: Pending Lodgement - PAN-366534 - Dwelling House - Alterations & Additions
  info_url: https://hawkesbury-web.t1cloud.com/T1PRDefault/WebApps/eProperty/P1/eTrack/eTrackApplicationDetails.aspx?ApplicationId=DA0353%2F23&f=%24P1.ETR.APPDET.VIW&r=P1.WEBGUEST
  date_scraped: '2019-05-15'
  date_received: '2023-08-31'
- council_reference: DA0354/23
  address: 47 Flannery Avenue NORTH RICHMOND NSW 2754
  description: Pending Lodgement - PAN-366371 - Dwelling House - Construction of a
    Dwelling House
  info_url: https://hawkesbury-web.t1cloud.com/T1PRDefault/WebApps/eProperty/P1/eTrack/eTrackApplicationDetails.aspx?ApplicationId=DA0354%2F23&f=%24P1.ETR.APPDET.VIW&r=P1.WEBGUEST
  date_scraped: '2019-05-15'
  date_received: '2023-09-01'
- council_reference: DA0355/23
  address: 73 Commercial Road VINEYARD NSW 2765
  description: Pending Lodgement - PAN-366491 - Demolition of an Existing Dwelling
    and Construction of a Dwelling House
  info_url: https://hawkesbury-web.t1cloud.com/T1PRDefault/WebApps/eProperty/P1/eTrack/eTrackApplicationDetails.aspx?ApplicationId=DA0355%2F23&f=%24P1.ETR.APPDET.VIW&r=P1.WEBGUEST
  date_scraped: '2019-05-15'
  date_received: '2023-09-01'
- council_reference: DA0356/23
  address: 552 East Kurrajong Road EAST KURRAJONG NSW 2758
  description: Pending Lodgement - PAN-313319 - Structure Ancillary to Dwelling -
    Outbuilding
  info_url: https://hawkesbury-web.t1cloud.com/T1PRDefault/WebApps/eProperty/P1/eTrack/eTrackApplicationDetails.aspx?ApplicationId=DA0356%2F23&f=%24P1.ETR.APPDET.VIW&r=P1.WEBGUEST
  date_scraped: '2019-05-15'
  date_received: '2023-09-01'
- council_reference: DA0357/23
  address: 5 Waratah Street BOWEN MOUNTAIN NSW 2753
  description: Dwelling House - Construction of a Dwelling House
  info_url: https://hawkesbury-web.t1cloud.com/T1PRDefault/WebApps/eProperty/P1/eTrack/eTrackApplicationDetails.aspx?ApplicationId=DA0357%2F23&f=%24P1.ETR.APPDET.VIW&r=P1.WEBGUEST
  date_scraped: '2019-05-15'
  date_received: '2023-09-01'
- council_reference: DA0358/23
  address: 66 The Terrace WINDSOR NSW 2756
  description: Pending Lodgement - PAN-366381 - Demolition of an Existing Dwelling
    and Construction of a Dwelling House
  info_url: https://hawkesbury-web.t1cloud.com/T1PRDefault/WebApps/eProperty/P1/eTrack/eTrackApplicationDetails.aspx?ApplicationId=DA0358%2F23&f=%24P1.ETR.APPDET.VIW&r=P1.WEBGUEST
  date_scraped: '2019-05-15'
  date_received: '2023-09-01'
- council_reference: DA0359/23
  address: 2 Trent Place NORTH RICHMOND NSW 2754
  description: Pending Lodgement - PAN-366853 - Dwelling House - Alterations & Additions
  info_url: https://hawkesbury-web.t1cloud.com/T1PRDefault/WebApps/eProperty/P1/eTrack/eTrackApplicationDetails.aspx?ApplicationId=DA0359%2F23&f=%24P1.ETR.APPDET.VIW&r=P1.WEBGUEST
  date_scraped: '2019-05-15'
  date_received: '2023-09-01'
- council_reference: DA0360/23
  address: 171 George Street WINDSOR NSW 2756
  description: Pending Lodgement - PAN-367058 - Change of Use - Hair and Beauty Salon
  info_url: https://hawkesbury-web.t1cloud.com/T1PRDefault/WebApps/eProperty/P1/eTrack/eTrackApplicationDetails.aspx?ApplicationId=DA0360%2F23&f=%24P1.ETR.APPDET.VIW&r=P1.WEBGUEST
  date_scraped: '2019-05-15'
  date_received: '2023-09-03'
- council_reference: DA0361/23
  address: 23 North Street WINDSOR NSW 2756
  description: Pending Lodgement - PAN-367070 - Dwelling House - Alterations & Additions
  info_url: https://hawkesbury-web.t1cloud.com/T1PRDefault/WebApps/eProperty/P1/eTrack/eTrackApplicationDetails.aspx?ApplicationId=DA0361%2F23&f=%24P1.ETR.APPDET.VIW&r=P1.WEBGUEST
  date_scraped: '2019-05-15'
  date_received: '2023-09-03'
- council_reference: DA0362/23
  address: 20 Threlkeld Drive CATTAI NSW 2756
  description: Pending in Portal - PAN-367153 - Detached steel framed shed
  info_url: https://hawkesbury-web.t1cloud.com/T1PRDefault/WebApps/eProperty/P1/eTrack/eTrackApplicationDetails.aspx?ApplicationId=DA0362%2F23&f=%24P1.ETR.APPDET.VIW&r=P1.WEBGUEST
  date_scraped: '2019-05-15'
  date_received: '2023-09-04'
- council_reference: DA0363/23
  address: 9 Sardonyx Avenue HOBARTVILLE NSW 2753
  description: Pending in portal- PAN-367195- DEMOLISH DWELLING & CONSTRUCT 2 STOREY
    DWELLING
  info_url: https://hawkesbury-web.t1cloud.com/T1PRDefault/WebApps/eProperty/P1/eTrack/eTrackApplicationDetails.aspx?ApplicationId=DA0363%2F23&f=%24P1.ETR.APPDET.VIW&r=P1.WEBGUEST
  date_scraped: '2019-05-15'
  date_received: '2023-09-04'
- council_reference: MOD0059/23
  address: 2550 Bells Line Of Road BILPIN NSW 2758
  description: Modification of Development Consent No. DA0370/20 - Design Amendments
  info_url: https://hawkesbury-web.t1cloud.com/T1PRDefault/WebApps/eProperty/P1/eTrack/eTrackApplicationDetails.aspx?ApplicationId=MOD0059%2F23&f=%24P1.ETR.APPDET.VIW&r=P1.WEBGUEST
  date_scraped: '2019-05-15'
  date_received: '2023-08-11'
- council_reference: MOD0060/23
  address: 40 Chaseling Road North WEBBS CREEK NSW 2775
  description: Pending Lodgement - PAN-360554 - Modification of Development Consent
    No DA0370/23 - Updated Geo Tech Report
  info_url: https://hawkesbury-web.t1cloud.com/T1PRDefault/WebApps/eProperty/P1/eTrack/eTrackApplicationDetails.aspx?ApplicationId=MOD0060%2F23&f=%24P1.ETR.APPDET.VIW&r=P1.WEBGUEST
  date_scraped: '2019-05-15'
  date_received: '2023-08-13'
- council_reference: MOD0062/23
  address: 1442 Kurmond Road KURMOND NSW 2757
  description: Pending Lodgement - PAN-361187 - Modification of Development Consent
    No. DA0395/17 - Amend alignment of road
  info_url: https://hawkesbury-web.t1cloud.com/T1PRDefault/WebApps/eProperty/P1/eTrack/eTrackApplicationDetails.aspx?ApplicationId=MOD0062%2F23&f=%24P1.ETR.APPDET.VIW&r=P1.WEBGUEST
  date_scraped: '2019-05-15'
  date_received: '2023-08-15'
- council_reference: MOD0063/23
  address: 6 Stone Terrace KURRAJONG HEIGHTS NSW 2758
  description: Modification of Development Consent No. S82A0005/22 - Remove Condition
    E
  info_url: https://hawkesbury-web.t1cloud.com/T1PRDefault/WebApps/eProperty/P1/eTrack/eTrackApplicationDetails.aspx?ApplicationId=MOD0063%2F23&f=%24P1.ETR.APPDET.VIW&r=P1.WEBGUEST
  date_scraped: '2019-05-15'
  date_received: '2023-08-17'
- council_reference: MOD0064/23
  address: 11 Barton Place BLAXLANDS RIDGE NSW 2758
  description: Pending Lodgement - PAN-362660 - Change of the finished floor levels,
    by increasing cut and reducing fill.
  info_url: https://hawkesbury-web.t1cloud.com/T1PRDefault/WebApps/eProperty/P1/eTrack/eTrackApplicationDetails.aspx?ApplicationId=MOD0064%2F23&f=%24P1.ETR.APPDET.VIW&r=P1.WEBGUEST
  date_scraped: '2019-05-15'
  date_received: '2023-08-18'
- council_reference: MOD0065/23
  address: 4 Panorama Crescent FREEMANS REACH NSW 2756
  description: Modification of Development Consent No. DA0138/23 - Correction to Stamped
    Approved Plans
  info_url: https://hawkesbury-web.t1cloud.com/T1PRDefault/WebApps/eProperty/P1/eTrack/eTrackApplicationDetails.aspx?ApplicationId=MOD0065%2F23&f=%24P1.ETR.APPDET.VIW&r=P1.WEBGUEST
  date_scraped: '2019-05-15'
  date_received: '2023-08-22'
- council_reference: MOD0066/23
  address: 209 Blaxlands Ridge Road BLAXLANDS RIDGE NSW 2758
  description: Modification of Development Consent No.DA0383/22 - Remove Condition
    for Long Service Levy
  info_url: https://hawkesbury-web.t1cloud.com/T1PRDefault/WebApps/eProperty/P1/eTrack/eTrackApplicationDetails.aspx?ApplicationId=MOD0066%2F23&f=%24P1.ETR.APPDET.VIW&r=P1.WEBGUEST
  date_scraped: '2019-05-15'
  date_received: '2023-08-25'
- council_reference: MOD0067/23
  address: 42 Griffins Road TENNYSON NSW 2754
  description: Pending Lodgement - PAN-365309 - Modification of Development Consent
    No. DA0354/18 - Amend Driveway Location
  info_url: https://hawkesbury-web.t1cloud.com/T1PRDefault/WebApps/eProperty/P1/eTrack/eTrackApplicationDetails.aspx?ApplicationId=MOD0067%2F23&f=%24P1.ETR.APPDET.VIW&r=P1.WEBGUEST
  date_scraped: '2019-05-15'
  date_received: '2023-08-29'
- council_reference: MOD0069/23
  address: 67 Cabbage Tree Road GROSE VALE NSW 2753
  description: Pending in portal PAN-367684 - Change of Elevation and reduced Ceiling
    height
  info_url: https://hawkesbury-web.t1cloud.com/T1PRDefault/WebApps/eProperty/P1/eTrack/eTrackApplicationDetails.aspx?ApplicationId=MOD0069%2F23&f=%24P1.ETR.APPDET.VIW&r=P1.WEBGUEST
  date_scraped: '2019-05-15'
  date_received: '2023-09-05'
- council_reference: MOD0070/23
  address: 30 Douglas Farm Road KURRAJONG HILLS NSW 2758
  description: Pending Lodgement- PAN-362747 - The size of the new dwelling is being
    reduced by approx. 200m2
  info_url: https://hawkesbury-web.t1cloud.com/T1PRDefault/WebApps/eProperty/P1/eTrack/eTrackApplicationDetails.aspx?ApplicationId=MOD0070%2F23&f=%24P1.ETR.APPDET.VIW&r=P1.WEBGUEST
  date_scraped: '2019-05-15'
  date_received: '2023-09-05'
- council_reference: MOD0071/23
  address: 17 Yobarnie Avenue NORTH RICHMOND NSW 2754
  description: Pending Lodgement - PAN-368086- The applicant wishes to make minor
    changes such as relocate stairs, remove pergola, provide additional details on
    plans, changes to windows, removal of timber stops, changes to brick work. It
    is worth noting that the proposed changes are very minor in nature and the proposed
    modification will not have a noticeable impact when compared to the original dwelling
    approved under DA207/21.
  info_url: https://hawkesbury-web.t1cloud.com/T1PRDefault/WebApps/eProperty/P1/eTrack/eTrackApplicationDetails.aspx?ApplicationId=MOD0071%2F23&f=%24P1.ETR.APPDET.VIW&r=P1.WEBGUEST
  date_scraped: '2019-05-15'
  date_received: '2023-09-06'
- council_reference: SC0022/23
  address: 9 Cornwallis Road CORNWALLIS NSW 2756
  description: Plan of Redefinition - Amendments to DP884408
  info_url: https://hawkesbury-web.t1cloud.com/T1PRDefault/WebApps/eProperty/P1/eTrack/eTrackApplicationDetails.aspx?ApplicationId=SC0022%2F23&f=%24P1.ETR.APPDET.VIW&r=P1.WEBGUEST
  date_scraped: '2019-05-15'
  date_received: '2023-08-14'
- council_reference: SC0023/23
  address: 66 Fairey Road SOUTH WINDSOR NSW 2756
  description: Torrens Title Subdivisions - 3 lots into 26 lots
  info_url: https://hawkesbury-web.t1cloud.com/T1PRDefault/WebApps/eProperty/P1/eTrack/eTrackApplicationDetails.aspx?ApplicationId=SC0023%2F23&f=%24P1.ETR.APPDET.VIW&r=P1.WEBGUEST
  date_scraped: '2019-05-15'
  date_received: '2023-09-06'
