---
- council_reference: CC064/21
  address: 3-5 Main Street LITHGOW NSW 2790
  description: RE-INSTALL SHOP WINDOWS
  info_url: https://webappservices.lithgow.nsw.gov.au/T1PRProd/WebApps/eProperty/P1/eTrack/eTrackApplicationDetails.aspx?ApplicationId=CC064%2F21&f=%24P1.ETR.APPDET.VIW&r=P1.WEBGUEST
  date_scraped: '2019-05-15'
  date_received: '2021-04-30'
- council_reference: CC065/21
  address: 9 Heffernan Place LITHGOW NSW 2790
  description: SHED
  info_url: https://webappservices.lithgow.nsw.gov.au/T1PRProd/WebApps/eProperty/P1/eTrack/eTrackApplicationDetails.aspx?ApplicationId=CC065%2F21&f=%24P1.ETR.APPDET.VIW&r=P1.WEBGUEST
  date_scraped: '2019-05-15'
  date_received: '2021-04-30'
- council_reference: CC067/21
  address: 292 Baaners Lane LITTLE HARTLEY NSW 2790
  description: SHED WITH TOILET, SHOWER & HAND BASIN
  info_url: https://webappservices.lithgow.nsw.gov.au/T1PRProd/WebApps/eProperty/P1/eTrack/eTrackApplicationDetails.aspx?ApplicationId=CC067%2F21&f=%24P1.ETR.APPDET.VIW&r=P1.WEBGUEST
  date_scraped: '2019-05-15'
  date_received: '2021-04-30'
- council_reference: CC068/21
  address: 1073 Great Western Highway LITHGOW NSW 2790
  description: ALTERATIONS & ADDITIONS - LITHGOW BAPTIST CHURCH
  info_url: https://webappservices.lithgow.nsw.gov.au/T1PRProd/WebApps/eProperty/P1/eTrack/eTrackApplicationDetails.aspx?ApplicationId=CC068%2F21&f=%24P1.ETR.APPDET.VIW&r=P1.WEBGUEST
  date_scraped: '2019-05-15'
  date_received: '2021-05-04'
- council_reference: CC069/21
  address: Vulcan Road RUNNING STREAM NSW 2850
  description: PRIVATE DWELLING AND SHED
  info_url: https://webappservices.lithgow.nsw.gov.au/T1PRProd/WebApps/eProperty/P1/eTrack/eTrackApplicationDetails.aspx?ApplicationId=CC069%2F21&f=%24P1.ETR.APPDET.VIW&r=P1.WEBGUEST
  date_scraped: '2019-05-15'
  date_received: '2021-05-03'
- council_reference: CC071/21
  address: 100 Old Bathurst Road SOUTH BOWENFELS NSW 2790
  description: "*PRIVATE CERTIFIER*"
  info_url: https://webappservices.lithgow.nsw.gov.au/T1PRProd/WebApps/eProperty/P1/eTrack/eTrackApplicationDetails.aspx?ApplicationId=CC071%2F21&f=%24P1.ETR.APPDET.VIW&r=P1.WEBGUEST
  date_scraped: '2019-05-15'
  date_received: '2021-05-04'
- council_reference: CC072/21
  address: 39 James Parade WALLERAWANG NSW 2845
  description: DWELLING ADDITION
  info_url: https://webappservices.lithgow.nsw.gov.au/T1PRProd/WebApps/eProperty/P1/eTrack/eTrackApplicationDetails.aspx?ApplicationId=CC072%2F21&f=%24P1.ETR.APPDET.VIW&r=P1.WEBGUEST
  date_scraped: '2019-05-15'
  date_received: '2021-05-06'
- council_reference: CC073/21
  address: 49 Bonnie Blink Drive LITTLE HARTLEY NSW 2790
  description: SHED
  info_url: https://webappservices.lithgow.nsw.gov.au/T1PRProd/WebApps/eProperty/P1/eTrack/eTrackApplicationDetails.aspx?ApplicationId=CC073%2F21&f=%24P1.ETR.APPDET.VIW&r=P1.WEBGUEST
  date_scraped: '2019-05-15'
  date_received: '2021-05-07'
- council_reference: CC074/21
  address: 3 Hill Range Crescent LITHGOW NSW 2790
  description: CARPORT
  info_url: https://webappservices.lithgow.nsw.gov.au/T1PRProd/WebApps/eProperty/P1/eTrack/eTrackApplicationDetails.aspx?ApplicationId=CC074%2F21&f=%24P1.ETR.APPDET.VIW&r=P1.WEBGUEST
  date_scraped: '2019-05-15'
  date_received: '2021-05-10'
- council_reference: CC075/21
  address: 54 Karawina Drive DUCKMALOI NSW 2787
  description: "*PRIVATE * ALTERATIONS AND ADDITIONS"
  info_url: https://webappservices.lithgow.nsw.gov.au/T1PRProd/WebApps/eProperty/P1/eTrack/eTrackApplicationDetails.aspx?ApplicationId=CC075%2F21&f=%24P1.ETR.APPDET.VIW&r=P1.WEBGUEST
  date_scraped: '2019-05-15'
  date_received: '2021-05-07'
- council_reference: DA083/21
  address: 10 Purcell Street PORTLAND NSW 2847
  description: SWIMMING POOL AND SHED
  info_url: https://webappservices.lithgow.nsw.gov.au/T1PRProd/WebApps/eProperty/P1/eTrack/eTrackApplicationDetails.aspx?ApplicationId=DA083%2F21&f=%24P1.ETR.APPDET.VIW&r=P1.WEBGUEST
  date_scraped: '2019-05-15'
  date_received: '2021-04-30'
- council_reference: DA084/21
  address: 23 Calero Street LITHGOW NSW 2790
  description: SHED
  info_url: https://webappservices.lithgow.nsw.gov.au/T1PRProd/WebApps/eProperty/P1/eTrack/eTrackApplicationDetails.aspx?ApplicationId=DA084%2F21&f=%24P1.ETR.APPDET.VIW&r=P1.WEBGUEST
  date_scraped: '2019-05-15'
  date_received: '2021-04-30'
- council_reference: DA085/21
  address: 292 Baaners Lane LITTLE HARTLEY NSW 2790
  description: SHED WITH TOILET, SHOWER & HAND BASIN
  info_url: https://webappservices.lithgow.nsw.gov.au/T1PRProd/WebApps/eProperty/P1/eTrack/eTrackApplicationDetails.aspx?ApplicationId=DA085%2F21&f=%24P1.ETR.APPDET.VIW&r=P1.WEBGUEST
  date_scraped: '2019-05-15'
  date_received: '2021-04-30'
- council_reference: DA086/21
  address: 1073 Great Western Highway LITHGOW NSW 2790
  description: ALTERATIONS & ADDITIONS - LITHGOW BAPTIST CHURCH
  info_url: https://webappservices.lithgow.nsw.gov.au/T1PRProd/WebApps/eProperty/P1/eTrack/eTrackApplicationDetails.aspx?ApplicationId=DA086%2F21&f=%24P1.ETR.APPDET.VIW&r=P1.WEBGUEST
  date_scraped: '2019-05-15'
  date_received: '2021-04-30'
- council_reference: DA087/21
  address: 49 Bonnie Blink Drive LITTLE HARTLEY NSW 2790
  description: SHED
  info_url: https://webappservices.lithgow.nsw.gov.au/T1PRProd/WebApps/eProperty/P1/eTrack/eTrackApplicationDetails.aspx?ApplicationId=DA087%2F21&f=%24P1.ETR.APPDET.VIW&r=P1.WEBGUEST
  date_scraped: '2019-05-15'
  date_received: '2021-05-05'
- council_reference: DA088/21
  address: 50 Kirkley Street SOUTH BOWENFELS NSW 2790
  description: SUBDIVISION 1 LOT INTO 6 WITH NEW ROAD
  info_url: https://webappservices.lithgow.nsw.gov.au/T1PRProd/WebApps/eProperty/P1/eTrack/eTrackApplicationDetails.aspx?ApplicationId=DA088%2F21&f=%24P1.ETR.APPDET.VIW&r=P1.WEBGUEST
  date_scraped: '2019-05-15'
  date_received: '2021-05-05'
- council_reference: DA089/21
  address: 3 Hill Range Crescent LITHGOW NSW 2790
  description: CARPORT
  info_url: https://webappservices.lithgow.nsw.gov.au/T1PRProd/WebApps/eProperty/P1/eTrack/eTrackApplicationDetails.aspx?ApplicationId=DA089%2F21&f=%24P1.ETR.APPDET.VIW&r=P1.WEBGUEST
  date_scraped: '2019-05-15'
  date_received: '2021-05-06'
- council_reference: DA090/21
  address: 36 High Street PORTLAND NSW 2847
  description: SHED
  info_url: https://webappservices.lithgow.nsw.gov.au/T1PRProd/WebApps/eProperty/P1/eTrack/eTrackApplicationDetails.aspx?ApplicationId=DA090%2F21&f=%24P1.ETR.APPDET.VIW&r=P1.WEBGUEST
  date_scraped: '2019-05-15'
  date_received: '2021-05-06'
- council_reference: DA091/21
  address: 333 Baaners Lane LITTLE HARTLEY NSW 2790
  description: DWELLING, SHED & CARPORT
  info_url: https://webappservices.lithgow.nsw.gov.au/T1PRProd/WebApps/eProperty/P1/eTrack/eTrackApplicationDetails.aspx?ApplicationId=DA091%2F21&f=%24P1.ETR.APPDET.VIW&r=P1.WEBGUEST
  date_scraped: '2019-05-15'
  date_received: '2021-05-06'
- council_reference: DA092/21
  address: 11 Nicholls Chase LITTLE HARTLEY NSW 2790
  description: DWELLING & SECONDARY DWELLING
  info_url: https://webappservices.lithgow.nsw.gov.au/T1PRProd/WebApps/eProperty/P1/eTrack/eTrackApplicationDetails.aspx?ApplicationId=DA092%2F21&f=%24P1.ETR.APPDET.VIW&r=P1.WEBGUEST
  date_scraped: '2019-05-15'
  date_received: '2021-05-11'
- council_reference: DA093/21
  address: 4 Crown Station Road CAPERTEE NSW 2846
  description: DWELLING RETROSPECTIVE
  info_url: https://webappservices.lithgow.nsw.gov.au/T1PRProd/WebApps/eProperty/P1/eTrack/eTrackApplicationDetails.aspx?ApplicationId=DA093%2F21&f=%24P1.ETR.APPDET.VIW&r=P1.WEBGUEST
  date_scraped: '2019-05-15'
  date_received: '2021-05-11'
- council_reference: MOD012/21
  address: 17 Willowbank Avenue LITHGOW NSW 2790
  description: MODIFICATION OF CONSENT - RETAINING WALL
  info_url: https://webappservices.lithgow.nsw.gov.au/T1PRProd/WebApps/eProperty/P1/eTrack/eTrackApplicationDetails.aspx?ApplicationId=MOD012%2F21&f=%24P1.ETR.APPDET.VIW&r=P1.WEBGUEST
  date_scraped: '2019-05-15'
  date_received: '2021-04-29'
- council_reference: S68052/21
  address: 292 Baaners Lane LITTLE HARTLEY NSW 2790
  description: OSSM
  info_url: https://webappservices.lithgow.nsw.gov.au/T1PRProd/WebApps/eProperty/P1/eTrack/eTrackApplicationDetails.aspx?ApplicationId=S68052%2F21&f=%24P1.ETR.APPDET.VIW&r=P1.WEBGUEST
  date_scraped: '2019-05-15'
  date_received: '2021-04-30'
- council_reference: S68053/21
  address: 50 Kirkley Street SOUTH BOWENFELS NSW 2790
  description: WATER & SEWER CONNECTION
  info_url: https://webappservices.lithgow.nsw.gov.au/T1PRProd/WebApps/eProperty/P1/eTrack/eTrackApplicationDetails.aspx?ApplicationId=S68053%2F21&f=%24P1.ETR.APPDET.VIW&r=P1.WEBGUEST
  date_scraped: '2019-05-15'
  date_received: '2021-05-05'
- council_reference: S68054/21
  address: 333 Baaners Lane LITTLE HARTLEY NSW 2790
  description: OSSM
  info_url: https://webappservices.lithgow.nsw.gov.au/T1PRProd/WebApps/eProperty/P1/eTrack/eTrackApplicationDetails.aspx?ApplicationId=S68054%2F21&f=%24P1.ETR.APPDET.VIW&r=P1.WEBGUEST
  date_scraped: '2019-05-15'
  date_received: '2021-05-06'
- council_reference: S68055/21
  address: 333 Baaners Lane LITTLE HARTLEY NSW 2790
  description: SOLID FUEL HEATER
  info_url: https://webappservices.lithgow.nsw.gov.au/T1PRProd/WebApps/eProperty/P1/eTrack/eTrackApplicationDetails.aspx?ApplicationId=S68055%2F21&f=%24P1.ETR.APPDET.VIW&r=P1.WEBGUEST
  date_scraped: '2019-05-15'
  date_received: '2021-05-06'
- council_reference: S68056/21
  address: 54 Barton Street LITHGOW NSW 2790
  description: WATER SUPPLY
  info_url: https://webappservices.lithgow.nsw.gov.au/T1PRProd/WebApps/eProperty/P1/eTrack/eTrackApplicationDetails.aspx?ApplicationId=S68056%2F21&f=%24P1.ETR.APPDET.VIW&r=P1.WEBGUEST
  date_scraped: '2019-05-15'
  date_received: '2021-05-11'
- council_reference: S68057/21
  address: 11 Nicholls Chase LITTLE HARTLEY NSW 2790
  description: S68 SOLID FUEL HEATER
  info_url: https://webappservices.lithgow.nsw.gov.au/T1PRProd/WebApps/eProperty/P1/eTrack/eTrackApplicationDetails.aspx?ApplicationId=S68057%2F21&f=%24P1.ETR.APPDET.VIW&r=P1.WEBGUEST
  date_scraped: '2019-05-15'
  date_received: '2021-05-11'
- council_reference: SubCert004/21
  address: Williwa Street PORTLAND NSW 2847
  description: SUBDIVISION CERTIFICATE
  info_url: https://webappservices.lithgow.nsw.gov.au/T1PRProd/WebApps/eProperty/P1/eTrack/eTrackApplicationDetails.aspx?ApplicationId=SubCert004%2F21&f=%24P1.ETR.APPDET.VIW&r=P1.WEBGUEST
  date_scraped: '2019-05-15'
  date_received: '2021-05-04'
- council_reference: SubCert005/21
  address: 17C Great Western Highway BOWENFELS NSW 2790
  description: BOUNDARY ADJUSTMENT
  info_url: https://webappservices.lithgow.nsw.gov.au/T1PRProd/WebApps/eProperty/P1/eTrack/eTrackApplicationDetails.aspx?ApplicationId=SubCert005%2F21&f=%24P1.ETR.APPDET.VIW&r=P1.WEBGUEST
  date_scraped: '2019-05-15'
  date_received: '2021-05-07'
