---
- council_reference: PLA24/0029
  address: 35 Clontarf Crescent TEMPLESTOWE VIC 3106
  description: "Amendment to Planning Permit PLN18/0302 by deleting Conditions 1A.3
    and 1A.4\r\n(Planning Permit PLN18/0302 was issued for the construction of two,
    two-storey dwellings (with undercroft/basement garage level) and associated two
    lot subdivision)"
  info_url: https://manningham-web.t1cloud.com/T1PRDefault/WebApps/eProperty/P1/eTrack/eTrackApplicationDetails.aspx?ApplicationId=PLA24%2F0029&f=%24P1.ETR.APPDET.VIW&r=P1.WEBGUEST
  date_scraped: '2019-05-15'
  date_received: '2024-04-08'
- council_reference: PLA24/0030
  address: 152 Andersons Creek Road DONCASTER EAST VIC 3109
  description: "Amendment to Planning Permit PLN22/0170 by alterations to the release
    of lots in stages 1 to 3\r\n(Planning Permit PLN22/0170 was issued for 58 lot
    staged subdivision in 4 stages)"
  info_url: https://manningham-web.t1cloud.com/T1PRDefault/WebApps/eProperty/P1/eTrack/eTrackApplicationDetails.aspx?ApplicationId=PLA24%2F0030&f=%24P1.ETR.APPDET.VIW&r=P1.WEBGUEST
  date_scraped: '2019-05-15'
  date_received: '2024-04-09'
- council_reference: PLA24/0031
  address: 12 Nottingwood Street DONCASTER EAST VIC 3109
  description: "Amendment to Planning Permit PLN22/0015 by modifying levels, building
    heights, materials and internal layouts\r\n(Planning Permit PLN22/0015 was issued
    for the construction of two, two-storey dwellings with basement garages)"
  info_url: https://manningham-web.t1cloud.com/T1PRDefault/WebApps/eProperty/P1/eTrack/eTrackApplicationDetails.aspx?ApplicationId=PLA24%2F0031&f=%24P1.ETR.APPDET.VIW&r=P1.WEBGUEST
  date_scraped: '2019-05-15'
  date_received: '2024-04-12'
- council_reference: PLA24/0032
  address: 2/856-860 Doncaster Road DONCASTER EAST VIC 3109
  description: "Amendment to Planning Permit PLN21/0329 by incorporating the adjacent
    tenancy ( tenancy 3 in addition to tenancy 2 at 856-860 Doncaster Road) to which
    the permit applies\r\n(Planning Permit PLN21/0329 was issued for the use of the
    land for a restricted recreation facility (gymnasium) and alteration of access
    to a Transport Zone 2)"
  info_url: https://manningham-web.t1cloud.com/T1PRDefault/WebApps/eProperty/P1/eTrack/eTrackApplicationDetails.aspx?ApplicationId=PLA24%2F0032&f=%24P1.ETR.APPDET.VIW&r=P1.WEBGUEST
  date_scraped: '2019-05-15'
  date_received: '2024-04-16'
- council_reference: PLA24/0033
  address: 19 Louisa Place TEMPLESTOWE VIC 3106
  description: "Amendment to Planning Permit PLN22/0204 by modifying floor levels,
    setbacks, windows, and internal reconfigurations\r\n(Planning Permit PLN22/0204
    was issued for the construction of a two-storey dwelling adjacent to the existing
    dwelling and an extension to the existing dwelling)"
  info_url: https://manningham-web.t1cloud.com/T1PRDefault/WebApps/eProperty/P1/eTrack/eTrackApplicationDetails.aspx?ApplicationId=PLA24%2F0033&f=%24P1.ETR.APPDET.VIW&r=P1.WEBGUEST
  date_scraped: '2019-05-15'
  date_received: '2024-04-18'
- council_reference: PLN24/0091
  address: 32-34 Johansons Road WARRANDYTE VIC 3113
  description: Buildings and works for the construction of carports, decking and a
    swimming pool
  info_url: https://manningham-web.t1cloud.com/T1PRDefault/WebApps/eProperty/P1/eTrack/eTrackApplicationDetails.aspx?ApplicationId=PLN24%2F0091&f=%24P1.ETR.APPDET.VIW&r=P1.WEBGUEST
  date_scraped: '2019-05-15'
  date_received: '2024-04-04'
- council_reference: PLN24/0093
  address: 25 Tandarook Crescent DONVALE VIC 3111
  description: Removal of vegetation (8 trees)
  info_url: https://manningham-web.t1cloud.com/T1PRDefault/WebApps/eProperty/P1/eTrack/eTrackApplicationDetails.aspx?ApplicationId=PLN24%2F0093&f=%24P1.ETR.APPDET.VIW&r=P1.WEBGUEST
  date_scraped: '2019-05-15'
  date_received: '2024-04-01'
- council_reference: PLN24/0098
  address: 3 Gerard Street TEMPLESTOWE LOWER VIC 3107
  description: Construction of a two-storey dwelling to the rear of the existing dwelling
    and alterations and additions to the existing dwelling
  info_url: https://manningham-web.t1cloud.com/T1PRDefault/WebApps/eProperty/P1/eTrack/eTrackApplicationDetails.aspx?ApplicationId=PLN24%2F0098&f=%24P1.ETR.APPDET.VIW&r=P1.WEBGUEST
  date_scraped: '2019-05-15'
  date_received: '2024-04-11'
- council_reference: PLN24/0099
  address: 20 Bellara Street DONCASTER VIC 3108
  description: Construction of two, two-storey dwellings
  info_url: https://manningham-web.t1cloud.com/T1PRDefault/WebApps/eProperty/P1/eTrack/eTrackApplicationDetails.aspx?ApplicationId=PLN24%2F0099&f=%24P1.ETR.APPDET.VIW&r=P1.WEBGUEST
  date_scraped: '2019-05-15'
  date_received: '2024-04-04'
- council_reference: PLN24/0100
  address: 660-662 Park Road PARK ORCHARDS VIC 3114
  description: Buildings and works for the construction of a single dwelling and associated
    outbuilding
  info_url: https://manningham-web.t1cloud.com/T1PRDefault/WebApps/eProperty/P1/eTrack/eTrackApplicationDetails.aspx?ApplicationId=PLN24%2F0100&f=%24P1.ETR.APPDET.VIW&r=P1.WEBGUEST
  date_scraped: '2019-05-15'
  date_received: '2024-04-04'
- council_reference: PLN24/0101
  address: 46-48 Elgin Crescent PARK ORCHARDS VIC 3114
  description: Buildings and works for alterations and additions to the existing dwelling
  info_url: https://manningham-web.t1cloud.com/T1PRDefault/WebApps/eProperty/P1/eTrack/eTrackApplicationDetails.aspx?ApplicationId=PLN24%2F0101&f=%24P1.ETR.APPDET.VIW&r=P1.WEBGUEST
  date_scraped: '2019-05-15'
  date_received: '2024-04-04'
- council_reference: PLN24/0102
  address: 19 Timber Ridge DONCASTER VIC 3108
  description: Construction of one, three-storey dwelling and one, two-storey dwelling
  info_url: https://manningham-web.t1cloud.com/T1PRDefault/WebApps/eProperty/P1/eTrack/eTrackApplicationDetails.aspx?ApplicationId=PLN24%2F0102&f=%24P1.ETR.APPDET.VIW&r=P1.WEBGUEST
  date_scraped: '2019-05-15'
  date_received: '2024-04-04'
- council_reference: PLN24/0104
  address: 16 Wrendale Drive DONVALE VIC 3111
  description: Three lot subdivision
  info_url: https://manningham-web.t1cloud.com/T1PRDefault/WebApps/eProperty/P1/eTrack/eTrackApplicationDetails.aspx?ApplicationId=PLN24%2F0104&f=%24P1.ETR.APPDET.VIW&r=P1.WEBGUEST
  date_scraped: '2019-05-15'
  date_received: '2024-04-08'
- council_reference: PLN24/0105
  address: 5 Wallace Avenue DONVALE VIC 3111
  description: Three lot subdivision
  info_url: https://manningham-web.t1cloud.com/T1PRDefault/WebApps/eProperty/P1/eTrack/eTrackApplicationDetails.aspx?ApplicationId=PLN24%2F0105&f=%24P1.ETR.APPDET.VIW&r=P1.WEBGUEST
  date_scraped: '2019-05-15'
  date_received: '2024-04-08'
- council_reference: PLN24/0106
  address: Jackson Court Shopping Centre 80 Jackson Court DONCASTER EAST VIC 3109
  description: Construction of a roof associated with the existing building
  info_url: https://manningham-web.t1cloud.com/T1PRDefault/WebApps/eProperty/P1/eTrack/eTrackApplicationDetails.aspx?ApplicationId=PLN24%2F0106&f=%24P1.ETR.APPDET.VIW&r=P1.WEBGUEST
  date_scraped: '2019-05-15'
  date_received: '2024-04-08'
- council_reference: PLN24/0107
  address: 8 Pentlowe Avenue TEMPLESTOWE LOWER VIC 3107
  description: Removal of Easement E-1 for Lot 20 on Plan of Subdivision 056337 (drainage
    and sewerage easement)
  info_url: https://manningham-web.t1cloud.com/T1PRDefault/WebApps/eProperty/P1/eTrack/eTrackApplicationDetails.aspx?ApplicationId=PLN24%2F0107&f=%24P1.ETR.APPDET.VIW&r=P1.WEBGUEST
  date_scraped: '2019-05-15'
  date_received: '2024-04-09'
- council_reference: PLN24/0108
  address: 232-236 Foote Street TEMPLESTOWE VIC 3106
  description: Use of the land for a place of assembly, alteration of access to a
    road in Transport 2 Zone and display of signage
  info_url: https://manningham-web.t1cloud.com/T1PRDefault/WebApps/eProperty/P1/eTrack/eTrackApplicationDetails.aspx?ApplicationId=PLN24%2F0108&f=%24P1.ETR.APPDET.VIW&r=P1.WEBGUEST
  date_scraped: '2019-05-15'
  date_received: '2024-04-09'
- council_reference: PLN24/0110
  address: 3 Kyrenia Court WARRANDYTE VIC 3113
  description: Buildings and works for additions to the existing dwelling, including
    first floor additions
  info_url: https://manningham-web.t1cloud.com/T1PRDefault/WebApps/eProperty/P1/eTrack/eTrackApplicationDetails.aspx?ApplicationId=PLN24%2F0110&f=%24P1.ETR.APPDET.VIW&r=P1.WEBGUEST
  date_scraped: '2019-05-15'
  date_received: '2024-04-09'
- council_reference: PLN24/0111
  address: 1/2 Gordons Road TEMPLESTOWE LOWER VIC 3107
  description: Construction of an extension to the existing dwelling
  info_url: https://manningham-web.t1cloud.com/T1PRDefault/WebApps/eProperty/P1/eTrack/eTrackApplicationDetails.aspx?ApplicationId=PLN24%2F0111&f=%24P1.ETR.APPDET.VIW&r=P1.WEBGUEST
  date_scraped: '2019-05-15'
  date_received: '2024-04-09'
- council_reference: PLN24/0112
  address: 12 King Street BULLEEN VIC 3105
  description: Extension of one dwelling on a lot
  info_url: https://manningham-web.t1cloud.com/T1PRDefault/WebApps/eProperty/P1/eTrack/eTrackApplicationDetails.aspx?ApplicationId=PLN24%2F0112&f=%24P1.ETR.APPDET.VIW&r=P1.WEBGUEST
  date_scraped: '2019-05-15'
  date_received: '2024-04-12'
- council_reference: PLN24/0113
  address: 71 Turana Street DONCASTER VIC 3108
  description: Construction of two, three-storey dwellings and removal of Easement
    E-1 for Lot 26 on Plan of Subdivision 077901 (drainage and sewerage easement)
  info_url: https://manningham-web.t1cloud.com/T1PRDefault/WebApps/eProperty/P1/eTrack/eTrackApplicationDetails.aspx?ApplicationId=PLN24%2F0113&f=%24P1.ETR.APPDET.VIW&r=P1.WEBGUEST
  date_scraped: '2019-05-15'
  date_received: '2024-04-10'
- council_reference: PLN24/0114
  address: 39 Rathmullen Quadrant DONCASTER VIC 3108
  description: Construction of two, two-storey dwellings
  info_url: https://manningham-web.t1cloud.com/T1PRDefault/WebApps/eProperty/P1/eTrack/eTrackApplicationDetails.aspx?ApplicationId=PLN24%2F0114&f=%24P1.ETR.APPDET.VIW&r=P1.WEBGUEST
  date_scraped: '2019-05-15'
  date_received: '2024-04-12'
- council_reference: PLN24/0115
  address: 19 Gray Street DONCASTER VIC 3108
  description: Three lot subdivision
  info_url: https://manningham-web.t1cloud.com/T1PRDefault/WebApps/eProperty/P1/eTrack/eTrackApplicationDetails.aspx?ApplicationId=PLN24%2F0115&f=%24P1.ETR.APPDET.VIW&r=P1.WEBGUEST
  date_scraped: '2019-05-15'
  date_received: '2024-04-15'
- council_reference: PLN24/0116
  address: 140 Parker Street TEMPLESTOWE VIC 3106
  description: Five lot subdivision
  info_url: https://manningham-web.t1cloud.com/T1PRDefault/WebApps/eProperty/P1/eTrack/eTrackApplicationDetails.aspx?ApplicationId=PLN24%2F0116&f=%24P1.ETR.APPDET.VIW&r=P1.WEBGUEST
  date_scraped: '2019-05-15'
  date_received: '2024-04-15'
- council_reference: PLN24/0118
  address: 740 Elgar Road DONCASTER VIC 3108
  description: Four lot subdivision
  info_url: https://manningham-web.t1cloud.com/T1PRDefault/WebApps/eProperty/P1/eTrack/eTrackApplicationDetails.aspx?ApplicationId=PLN24%2F0118&f=%24P1.ETR.APPDET.VIW&r=P1.WEBGUEST
  date_scraped: '2019-05-15'
  date_received: '2024-04-15'
- council_reference: PLN24/0119
  address: 249 Warrandyte Road PARK ORCHARDS VIC 3114
  description: Section 23 (Variation of Restriction)
  info_url: https://manningham-web.t1cloud.com/T1PRDefault/WebApps/eProperty/P1/eTrack/eTrackApplicationDetails.aspx?ApplicationId=PLN24%2F0119&f=%24P1.ETR.APPDET.VIW&r=P1.WEBGUEST
  date_scraped: '2019-05-15'
  date_received: '2024-04-15'
- council_reference: PLN24/0120
  address: 9 Laviah Court TEMPLESTOWE VIC 3106
  description: Six lot subdivision
  info_url: https://manningham-web.t1cloud.com/T1PRDefault/WebApps/eProperty/P1/eTrack/eTrackApplicationDetails.aspx?ApplicationId=PLN24%2F0120&f=%24P1.ETR.APPDET.VIW&r=P1.WEBGUEST
  date_scraped: '2019-05-15'
  date_received: '2024-04-15'
- council_reference: PLN24/0121
  address: 806-808 Doncaster Road DONCASTER VIC 3108
  description: Put up for display a major promotion sign
  info_url: https://manningham-web.t1cloud.com/T1PRDefault/WebApps/eProperty/P1/eTrack/eTrackApplicationDetails.aspx?ApplicationId=PLN24%2F0121&f=%24P1.ETR.APPDET.VIW&r=P1.WEBGUEST
  date_scraped: '2019-05-15'
  date_received: '2024-04-15'
- council_reference: PLN24/0122
  address: 29-31 Arundel Road PARK ORCHARDS VIC 3114
  description: Buildings and works to construct a two-storey outbuilding
  info_url: https://manningham-web.t1cloud.com/T1PRDefault/WebApps/eProperty/P1/eTrack/eTrackApplicationDetails.aspx?ApplicationId=PLN24%2F0122&f=%24P1.ETR.APPDET.VIW&r=P1.WEBGUEST
  date_scraped: '2019-05-15'
  date_received: '2024-04-15'
- council_reference: PLN24/0123
  address: 4 Ibis Court WONGA PARK VIC 3115
  description: Buildings and works for alterations and additions to the existing dwelling
  info_url: https://manningham-web.t1cloud.com/T1PRDefault/WebApps/eProperty/P1/eTrack/eTrackApplicationDetails.aspx?ApplicationId=PLN24%2F0123&f=%24P1.ETR.APPDET.VIW&r=P1.WEBGUEST
  date_scraped: '2019-05-15'
  date_received: '2024-04-16'
- council_reference: PLN24/0124
  address: 100 Macedon Road TEMPLESTOWE LOWER VIC 3107
  description: Construction of two, three-storey dwellings
  info_url: https://manningham-web.t1cloud.com/T1PRDefault/WebApps/eProperty/P1/eTrack/eTrackApplicationDetails.aspx?ApplicationId=PLN24%2F0124&f=%24P1.ETR.APPDET.VIW&r=P1.WEBGUEST
  date_scraped: '2019-05-15'
  date_received: '2024-04-15'
- council_reference: PLN24/0125
  address: 13-15 Anzac Road WARRANDYTE SOUTH VIC 3134
  description: Use and development of a Small Second Dwelling and associated vegetation
    removal
  info_url: https://manningham-web.t1cloud.com/T1PRDefault/WebApps/eProperty/P1/eTrack/eTrackApplicationDetails.aspx?ApplicationId=PLN24%2F0125&f=%24P1.ETR.APPDET.VIW&r=P1.WEBGUEST
  date_scraped: '2019-05-15'
  date_received: '2024-04-18'
- council_reference: PLN24/0127
  address: 1 Canara Street DONCASTER EAST VIC 3109
  description: Construction of two, two-storey dwellings
  info_url: https://manningham-web.t1cloud.com/T1PRDefault/WebApps/eProperty/P1/eTrack/eTrackApplicationDetails.aspx?ApplicationId=PLN24%2F0127&f=%24P1.ETR.APPDET.VIW&r=P1.WEBGUEST
  date_scraped: '2019-05-15'
  date_received: '2024-04-19'
- council_reference: PLN24/0128
  address: Apt G0 7/5 Sovereign Point Court DONCASTER VIC 3108
  description: Buildings and works for the construction of a verandah associated with
    the existing dwelling
  info_url: https://manningham-web.t1cloud.com/T1PRDefault/WebApps/eProperty/P1/eTrack/eTrackApplicationDetails.aspx?ApplicationId=PLN24%2F0128&f=%24P1.ETR.APPDET.VIW&r=P1.WEBGUEST
  date_scraped: '2019-05-15'
  date_received: '2024-04-19'
- council_reference: PLN24/0129
  address: 21 Sargent Street DONCASTER VIC 3108
  description: Three lot subdivision
  info_url: https://manningham-web.t1cloud.com/T1PRDefault/WebApps/eProperty/P1/eTrack/eTrackApplicationDetails.aspx?ApplicationId=PLN24%2F0129&f=%24P1.ETR.APPDET.VIW&r=P1.WEBGUEST
  date_scraped: '2019-05-15'
  date_received: '2024-04-22'
- council_reference: PLN24/0130
  address: 1084 Doncaster Road DONCASTER EAST VIC 3109
  description: Five lot subdivision
  info_url: https://manningham-web.t1cloud.com/T1PRDefault/WebApps/eProperty/P1/eTrack/eTrackApplicationDetails.aspx?ApplicationId=PLN24%2F0130&f=%24P1.ETR.APPDET.VIW&r=P1.WEBGUEST
  date_scraped: '2019-05-15'
  date_received: '2024-04-22'
- council_reference: PVN24/0034
  address: 1 Ada Street DONCASTER VIC 3108
  description: Buildings and works for the construction of a carport associated with
    the existing dwelling
  info_url: https://manningham-web.t1cloud.com/T1PRDefault/WebApps/eProperty/P1/eTrack/eTrackApplicationDetails.aspx?ApplicationId=PVN24%2F0034&f=%24P1.ETR.APPDET.VIW&r=P1.WEBGUEST
  date_scraped: '2019-05-15'
  date_received: '2024-04-04'
- council_reference: PVN24/0036
  address: 20 Major Street DONCASTER EAST VIC 3109
  description: Two lot subdivision
  info_url: https://manningham-web.t1cloud.com/T1PRDefault/WebApps/eProperty/P1/eTrack/eTrackApplicationDetails.aspx?ApplicationId=PVN24%2F0036&f=%24P1.ETR.APPDET.VIW&r=P1.WEBGUEST
  date_scraped: '2019-05-15'
  date_received: '2024-04-02'
- council_reference: PVN24/0037
  address: 29 Bellara Street DONCASTER VIC 3108
  description: Two lot subdivision
  info_url: https://manningham-web.t1cloud.com/T1PRDefault/WebApps/eProperty/P1/eTrack/eTrackApplicationDetails.aspx?ApplicationId=PVN24%2F0037&f=%24P1.ETR.APPDET.VIW&r=P1.WEBGUEST
  date_scraped: '2019-05-15'
  date_received: '2024-04-02'
- council_reference: PVN24/0038
  address: 19 Wetherby Road DONCASTER VIC 3108
  description: Two lot subdivision
  info_url: https://manningham-web.t1cloud.com/T1PRDefault/WebApps/eProperty/P1/eTrack/eTrackApplicationDetails.aspx?ApplicationId=PVN24%2F0038&f=%24P1.ETR.APPDET.VIW&r=P1.WEBGUEST
  date_scraped: '2019-05-15'
  date_received: '2024-04-02'
- council_reference: PVN24/0039
  address: 24-26 Arundel Road PARK ORCHARDS VIC 3114
  description: Buildings and works for the construction of a garage associated with
    the existing dwelling
  info_url: https://manningham-web.t1cloud.com/T1PRDefault/WebApps/eProperty/P1/eTrack/eTrackApplicationDetails.aspx?ApplicationId=PVN24%2F0039&f=%24P1.ETR.APPDET.VIW&r=P1.WEBGUEST
  date_scraped: '2019-05-15'
  date_received: '2024-04-04'
- council_reference: PVN24/0040
  address: 4 Paynters Road WONGA PARK VIC 3115
  description: Building and works for the construction of a garage associated with
    the existing dwelling.
  info_url: https://manningham-web.t1cloud.com/T1PRDefault/WebApps/eProperty/P1/eTrack/eTrackApplicationDetails.aspx?ApplicationId=PVN24%2F0040&f=%24P1.ETR.APPDET.VIW&r=P1.WEBGUEST
  date_scraped: '2019-05-15'
  date_received: '2024-04-03'
- council_reference: PVN24/0041
  address: 3 Larkspur Avenue DONCASTER VIC 3108
  description: Two lot subdivision
  info_url: https://manningham-web.t1cloud.com/T1PRDefault/WebApps/eProperty/P1/eTrack/eTrackApplicationDetails.aspx?ApplicationId=PVN24%2F0041&f=%24P1.ETR.APPDET.VIW&r=P1.WEBGUEST
  date_scraped: '2019-05-15'
  date_received: '2024-04-08'
- council_reference: PVN24/0042
  address: 10 Chatsworth Quadrant TEMPLESTOWE LOWER VIC 3107
  description: Two lot subdivision
  info_url: https://manningham-web.t1cloud.com/T1PRDefault/WebApps/eProperty/P1/eTrack/eTrackApplicationDetails.aspx?ApplicationId=PVN24%2F0042&f=%24P1.ETR.APPDET.VIW&r=P1.WEBGUEST
  date_scraped: '2019-05-15'
  date_received: '2024-04-08'
- council_reference: PVN24/0043
  address: 39 Webb Street WARRANDYTE VIC 3113
  description: Buildings and works for the construction of a carport associated with
    the existing dwelling
  info_url: https://manningham-web.t1cloud.com/T1PRDefault/WebApps/eProperty/P1/eTrack/eTrackApplicationDetails.aspx?ApplicationId=PVN24%2F0043&f=%24P1.ETR.APPDET.VIW&r=P1.WEBGUEST
  date_scraped: '2019-05-15'
  date_received: '2024-04-08'
- council_reference: PVN24/0044
  address: 14 Inglewood Close DONCASTER EAST VIC 3109
  description: Two lot subdivision
  info_url: https://manningham-web.t1cloud.com/T1PRDefault/WebApps/eProperty/P1/eTrack/eTrackApplicationDetails.aspx?ApplicationId=PVN24%2F0044&f=%24P1.ETR.APPDET.VIW&r=P1.WEBGUEST
  date_scraped: '2019-05-15'
  date_received: '2024-04-15'
- council_reference: PVN24/0045
  address: 69 Rosella Street DONCASTER EAST VIC 3109
  description: Two lot subdivision
  info_url: https://manningham-web.t1cloud.com/T1PRDefault/WebApps/eProperty/P1/eTrack/eTrackApplicationDetails.aspx?ApplicationId=PVN24%2F0045&f=%24P1.ETR.APPDET.VIW&r=P1.WEBGUEST
  date_scraped: '2019-05-15'
  date_received: '2024-04-16'
- council_reference: PVN24/0046
  address: 147 Tunstall Road DONVALE VIC 3111
  description: Two lot subdivision
  info_url: https://manningham-web.t1cloud.com/T1PRDefault/WebApps/eProperty/P1/eTrack/eTrackApplicationDetails.aspx?ApplicationId=PVN24%2F0046&f=%24P1.ETR.APPDET.VIW&r=P1.WEBGUEST
  date_scraped: '2019-05-15'
  date_received: '2024-04-17'
- council_reference: PVN24/0047
  address: 47 Herlihys Road TEMPLESTOWE LOWER VIC 3107
  description: Two lot subdivision
  info_url: https://manningham-web.t1cloud.com/T1PRDefault/WebApps/eProperty/P1/eTrack/eTrackApplicationDetails.aspx?ApplicationId=PVN24%2F0047&f=%24P1.ETR.APPDET.VIW&r=P1.WEBGUEST
  date_scraped: '2019-05-15'
  date_received: '2024-04-17'
- council_reference: PVN24/0048
  address: 6 Gissara Court WONGA PARK VIC 3115
  description: Buildings and works for the construction of a carport associated with
    the existing dwelling
  info_url: https://manningham-web.t1cloud.com/T1PRDefault/WebApps/eProperty/P1/eTrack/eTrackApplicationDetails.aspx?ApplicationId=PVN24%2F0048&f=%24P1.ETR.APPDET.VIW&r=P1.WEBGUEST
  date_scraped: '2019-05-15'
  date_received: '2024-04-17'
- council_reference: PVN24/0049
  address: 17 Marianne Way DONCASTER VIC 3108
  description: Two lot subdivision
  info_url: https://manningham-web.t1cloud.com/T1PRDefault/WebApps/eProperty/P1/eTrack/eTrackApplicationDetails.aspx?ApplicationId=PVN24%2F0049&f=%24P1.ETR.APPDET.VIW&r=P1.WEBGUEST
  date_scraped: '2019-05-15'
  date_received: '2024-04-22'
- council_reference: PVN24/0050
  address: 10 Sunray Court DONVALE VIC 3111
  description: Two lot subdivision
  info_url: https://manningham-web.t1cloud.com/T1PRDefault/WebApps/eProperty/P1/eTrack/eTrackApplicationDetails.aspx?ApplicationId=PVN24%2F0050&f=%24P1.ETR.APPDET.VIW&r=P1.WEBGUEST
  date_scraped: '2019-05-15'
  date_received: '2024-04-22'
