---
- council_reference: '080/0159/21'
  address: 45 Dinwoodie Avenue CLARENCE GARDENS SA 5039
  description: Attached Carport - Clarence Gardens Kindergarten
  info_url: https://com-web.t1cloud.com/T1PRDefault/WebApps/eProperty/P1/eTrack/eTrackApplicationDetails.aspx?ApplicationId=080%2F0159%2F21&f=%24P1.ETR.APPDET.VIW&r=P1.WEBGUEST
  date_scraped: '2019-05-15'
  date_received: '2021-05-03'
- council_reference: '080/0166/21'
  address: 86 Highfield Drive CRAIGBURN FARM SA 5051
  description: Attached Verandah
  info_url: https://com-web.t1cloud.com/T1PRDefault/WebApps/eProperty/P1/eTrack/eTrackApplicationDetails.aspx?ApplicationId=080%2F0166%2F21&f=%24P1.ETR.APPDET.VIW&r=P1.WEBGUEST
  date_scraped: '2019-05-15'
  date_received: '2021-04-21'
- council_reference: '080/0308/21'
  address: 5 Nunyara Crescent BELAIR SA 5052
  description: Dwelling Alterations and Additions, Domestic Outbuilding & Deck
  info_url: https://com-web.t1cloud.com/T1PRDefault/WebApps/eProperty/P1/eTrack/eTrackApplicationDetails.aspx?ApplicationId=080%2F0308%2F21&f=%24P1.ETR.APPDET.VIW&r=P1.WEBGUEST
  date_scraped: '2019-05-15'
  date_received: '2021-04-27'
- council_reference: '080/0332/21'
  address: 65 Symon Crescent CRAIGBURN FARM SA 5051
  description: Detached Dwelling
  info_url: https://com-web.t1cloud.com/T1PRDefault/WebApps/eProperty/P1/eTrack/eTrackApplicationDetails.aspx?ApplicationId=080%2F0332%2F21&f=%24P1.ETR.APPDET.VIW&r=P1.WEBGUEST
  date_scraped: '2019-05-15'
  date_received: '2021-04-22'
- council_reference: '080/0335/21'
  address: 48A East Parkway COLONEL LIGHT GARDENS SA 5041
  description: Dwelling Addition
  info_url: https://com-web.t1cloud.com/T1PRDefault/WebApps/eProperty/P1/eTrack/eTrackApplicationDetails.aspx?ApplicationId=080%2F0335%2F21&f=%24P1.ETR.APPDET.VIW&r=P1.WEBGUEST
  date_scraped: '2019-05-15'
  date_received: '2021-04-22'
- council_reference: '080/0356/21'
  address: 1 Pembroke Place COLONEL LIGHT GARDENS SA 5041
  description: Solar Panels
  info_url: https://com-web.t1cloud.com/T1PRDefault/WebApps/eProperty/P1/eTrack/eTrackApplicationDetails.aspx?ApplicationId=080%2F0356%2F21&f=%24P1.ETR.APPDET.VIW&r=P1.WEBGUEST
  date_scraped: '2019-05-15'
  date_received: '2021-04-20'
- council_reference: '080/0361/21'
  address: 65/5 Mount Barker Road URRBRAE SA 5064
  description: Retrospective Dwelling alteration (Window in Masonry wall)
  info_url: https://com-web.t1cloud.com/T1PRDefault/WebApps/eProperty/P1/eTrack/eTrackApplicationDetails.aspx?ApplicationId=080%2F0361%2F21&f=%24P1.ETR.APPDET.VIW&r=P1.WEBGUEST
  date_scraped: '2019-05-15'
  date_received: '2021-04-20'
- council_reference: '080/0364/21'
  address: 28 The Grove LOWER MITCHAM SA 5062
  description: Combined Fencing & Retaining Walls with a Height Greater than 2m, Front
    Fence with Masonry Walls & Pillars
  info_url: https://com-web.t1cloud.com/T1PRDefault/WebApps/eProperty/P1/eTrack/eTrackApplicationDetails.aspx?ApplicationId=080%2F0364%2F21&f=%24P1.ETR.APPDET.VIW&r=P1.WEBGUEST
  date_scraped: '2019-05-15'
  date_received: '2021-04-22'
- council_reference: '080/0373/21'
  address: 33 Salisbury Crescent COLONEL LIGHT GARDENS SA 5041
  description: Fencing
  info_url: https://com-web.t1cloud.com/T1PRDefault/WebApps/eProperty/P1/eTrack/eTrackApplicationDetails.aspx?ApplicationId=080%2F0373%2F21&f=%24P1.ETR.APPDET.VIW&r=P1.WEBGUEST
  date_scraped: '2019-05-15'
  date_received: '2021-04-20'
- council_reference: '080/0402/21'
  address: 73 Hillcrest Drive EDEN HILLS SA 5050
  description: Dependent Relative Accommodation with Attached Raised Deck
  info_url: https://com-web.t1cloud.com/T1PRDefault/WebApps/eProperty/P1/eTrack/eTrackApplicationDetails.aspx?ApplicationId=080%2F0402%2F21&f=%24P1.ETR.APPDET.VIW&r=P1.WEBGUEST
  date_scraped: '2019-05-15'
  date_received: '2021-04-20'
- council_reference: '080/0413/21'
  address: 1-2/216 Daws Road DAW PARK SA 5041
  description: Crown Development - Hammond Care Daw Park - Specialist Dementia Care
    Facility
  info_url: https://com-web.t1cloud.com/T1PRDefault/WebApps/eProperty/P1/eTrack/eTrackApplicationDetails.aspx?ApplicationId=080%2F0413%2F21&f=%24P1.ETR.APPDET.VIW&r=P1.WEBGUEST
  date_scraped: '2019-05-15'
  date_received: '2021-05-12'
- council_reference: '080/0416/21'
  address: Belair Recreation Park BELAIR SA 5052
  description: Section 49 - Re-development of Playford Lake Precinct including Construction
    of Access Arrangements, associated Infrastructure & Buildings - Upper Sturt Road
    Belair National Park
  info_url: https://com-web.t1cloud.com/T1PRDefault/WebApps/eProperty/P1/eTrack/eTrackApplicationDetails.aspx?ApplicationId=080%2F0416%2F21&f=%24P1.ETR.APPDET.VIW&r=P1.WEBGUEST
  date_scraped: '2019-05-15'
  date_received: '2021-04-27'
- council_reference: '080/0417/21'
  address: 505 Fullarton Road NETHERBY SA 5062
  description: SECTION 49 - Impacts to State Heritage items resulting from the proposed
    upgrade to the intersection of Cross Road & Fullarton Road (Urrbrae House Gatehouse
    & Urrbrae House)
  info_url: https://com-web.t1cloud.com/T1PRDefault/WebApps/eProperty/P1/eTrack/eTrackApplicationDetails.aspx?ApplicationId=080%2F0417%2F21&f=%24P1.ETR.APPDET.VIW&r=P1.WEBGUEST
  date_scraped: '2019-05-15'
  date_received: '2021-05-03'
- council_reference: '080/1166/20.01'
  address: 16 Carrick Hill Drive SPRINGFIELD SA 5062
  description: Vary DA 080/1166/20 for Alterations and Additions, Verandah & Swimming
    Pool & Safety Barrier - to Remove Existing Stone Outbuilding, Extend Dining Room
    to Incorporate Lounge & Change Pool Location
  info_url: https://com-web.t1cloud.com/T1PRDefault/WebApps/eProperty/P1/eTrack/eTrackApplicationDetails.aspx?ApplicationId=080%2F1166%2F20.01&f=%24P1.ETR.APPDET.VIW&r=P1.WEBGUEST
  date_scraped: '2019-05-15'
  date_received: '2021-04-16'
