---
- council_reference: CC2023-0024
  address: 122 Anthony Road SOUTH TAMWORTH NSW 2340
  description: CFT-190041 - Carport & Patio
  info_url: https://tamworth-web.t1cloud.com/T1PRDefault/WebApps/eProperty/P1/eTrack/eTrackApplicationDetails.aspx?ApplicationId=CC2023-0024&f=%24P1.ETR.APPDET.VIW&r=P1.WEBGUEST
  date_scraped: '2019-05-15'
  date_received: '2024-04-15'
- council_reference: CC2024-0070
  address: 26 Rangari Road MANILLA NSW 2346
  description: "CFT-420593 - Construction of a Ranbuild Big G 15m x 18m on a concrete
    slab for the proposed use as a Farm Shed.\r\nCFT-420606- PCA"
  info_url: https://tamworth-web.t1cloud.com/T1PRDefault/WebApps/eProperty/P1/eTrack/eTrackApplicationDetails.aspx?ApplicationId=CC2024-0070&f=%24P1.ETR.APPDET.VIW&r=P1.WEBGUEST
  date_scraped: '2019-05-15'
  date_received: '2024-04-03'
- council_reference: CC2024-0097
  address: 1 Decora Road MOORE CREEK NSW 2340
  description: CFT-507334 - Shed
  info_url: https://tamworth-web.t1cloud.com/T1PRDefault/WebApps/eProperty/P1/eTrack/eTrackApplicationDetails.aspx?ApplicationId=CC2024-0097&f=%24P1.ETR.APPDET.VIW&r=P1.WEBGUEST
  date_scraped: '2019-05-15'
  date_received: '2024-04-15'
- council_reference: CDC2024-0023
  address: 9 Industrial Close WESTDALE NSW 2340
  description: "CDC-189663 - Industrial Building\r\nCFT-438026 - PCA"
  info_url: https://tamworth-web.t1cloud.com/T1PRDefault/WebApps/eProperty/P1/eTrack/eTrackApplicationDetails.aspx?ApplicationId=CDC2024-0023&f=%24P1.ETR.APPDET.VIW&r=P1.WEBGUEST
  date_scraped: '2019-05-15'
  date_received: '2024-04-16'
- council_reference: DA2024-0319
  address: 47 Reginald Drive KOOTINGAL NSW 2352
  description: "**Returned** PAN-423354 - Subdivision and 2 x single storey dwelinngs
    with attached secondary dwelling"
  info_url: https://tamworth-web.t1cloud.com/T1PRDefault/WebApps/eProperty/P1/eTrack/eTrackApplicationDetails.aspx?ApplicationId=DA2024-0319&f=%24P1.ETR.APPDET.VIW&r=P1.WEBGUEST
  date_scraped: '2019-05-15'
  date_received: '2024-03-28'
- council_reference: DA2024-0321
  address: 137 Ogunbil Road DUNGOWAN NSW 2340
  description: PAN-400452 - Removal of existing School Sign and replacement with a
    double sided LED School sign
  info_url: https://tamworth-web.t1cloud.com/T1PRDefault/WebApps/eProperty/P1/eTrack/eTrackApplicationDetails.aspx?ApplicationId=DA2024-0321&f=%24P1.ETR.APPDET.VIW&r=P1.WEBGUEST
  date_scraped: '2019-05-15'
  date_received: '2024-04-02'
- council_reference: DA2024-0323
  address: New Winton Road WESTDALE NSW 2340
  description: PAN-423964 - Mixed use development consisting of two (2) industrial
    buildings on the site containing a total of twelve (12) industrial units with
    ancillary amenities, mezzanine floor areas for ancillary storage; a caf√©; car
    parking; signage; associated site works and strata subdivision.
  info_url: https://tamworth-web.t1cloud.com/T1PRDefault/WebApps/eProperty/P1/eTrack/eTrackApplicationDetails.aspx?ApplicationId=DA2024-0323&f=%24P1.ETR.APPDET.VIW&r=P1.WEBGUEST
  date_scraped: '2019-05-15'
  date_received: '2024-04-02'
- council_reference: DA2024-0324
  address: 426-440 Goonoo Goonoo Road HILLVUE NSW 2340
  description: PAN-424659 - Subdivision one into 2 lots for a boundary adjustment
    with adjoining development.
  info_url: https://tamworth-web.t1cloud.com/T1PRDefault/WebApps/eProperty/P1/eTrack/eTrackApplicationDetails.aspx?ApplicationId=DA2024-0324&f=%24P1.ETR.APPDET.VIW&r=P1.WEBGUEST
  date_scraped: '2019-05-15'
  date_received: '2024-04-03'
- council_reference: DA2024-0325
  address: 9 Robina Street SOUTH TAMWORTH NSW 2340
  description: PAN-424512 - Subdivision to become two lots - 2 Single Storey Dwellings
    with Granny flats. Each dwelling to be on separate lots with associated site works
    for both.
  info_url: https://tamworth-web.t1cloud.com/T1PRDefault/WebApps/eProperty/P1/eTrack/eTrackApplicationDetails.aspx?ApplicationId=DA2024-0325&f=%24P1.ETR.APPDET.VIW&r=P1.WEBGUEST
  date_scraped: '2019-05-15'
  date_received: '2024-04-03'
- council_reference: DA2024-0326
  address: 14 Lydia Street SOUTH TAMWORTH NSW 2340
  description: PAN-425064 - 2 lot strata subdivision of existing dual occupancy dwelling.
  info_url: https://tamworth-web.t1cloud.com/T1PRDefault/WebApps/eProperty/P1/eTrack/eTrackApplicationDetails.aspx?ApplicationId=DA2024-0326&f=%24P1.ETR.APPDET.VIW&r=P1.WEBGUEST
  date_scraped: '2019-05-15'
  date_received: '2024-04-04'
- council_reference: DA2024-0327
  address: 11/46 Peak Drive HILLVUE NSW 2340
  description: PAN-425632 - Single Storey Dwelling, attached garage, porch, alfresco,
    boundary fencing
  info_url: https://tamworth-web.t1cloud.com/T1PRDefault/WebApps/eProperty/P1/eTrack/eTrackApplicationDetails.aspx?ApplicationId=DA2024-0327&f=%24P1.ETR.APPDET.VIW&r=P1.WEBGUEST
  date_scraped: '2019-05-15'
  date_received: '2024-04-08'
- council_reference: DA2024-0328
  address: 280 Bournes Lane MOORE CREEK NSW 2340
  description: "**Returned** Construction of a detached colorbond shed"
  info_url: https://tamworth-web.t1cloud.com/T1PRDefault/WebApps/eProperty/P1/eTrack/eTrackApplicationDetails.aspx?ApplicationId=DA2024-0328&f=%24P1.ETR.APPDET.VIW&r=P1.WEBGUEST
  date_scraped: '2019-05-15'
  date_received: '2024-04-08'
- council_reference: DA2024-0329
  address: 16 Daintree Circuit MOORE CREEK NSW 2340
  description: PAN-426031 - Conversion of 1/3 of the existing shed for use as an ATO
    licenced nano distillery.
  info_url: https://tamworth-web.t1cloud.com/T1PRDefault/WebApps/eProperty/P1/eTrack/eTrackApplicationDetails.aspx?ApplicationId=DA2024-0329&f=%24P1.ETR.APPDET.VIW&r=P1.WEBGUEST
  date_scraped: '2019-05-15'
  date_received: '2024-04-09'
- council_reference: DA2024-0330
  address: 90 Meadows Lane WARRAL NSW 2340
  description: PAN-426521 - Torrens Title Subdivision (1 Lot into 2 Lots)
  info_url: https://tamworth-web.t1cloud.com/T1PRDefault/WebApps/eProperty/P1/eTrack/eTrackApplicationDetails.aspx?ApplicationId=DA2024-0330&f=%24P1.ETR.APPDET.VIW&r=P1.WEBGUEST
  date_scraped: '2019-05-15'
  date_received: '2024-04-10'
- council_reference: DA2024-0331
  address: 47 Reginald Drive KOOTINGAL NSW 2352
  description: proposal for dual occu, subdiv of dual occ, & then creation of a secondary
    dweling & will be caried out in 3 stages 1 Construction of two, single storey
    dwelings to form a detached dual occ dev with integrated studio (that has no kitchen
    so it is not a secondary dwelling) 2 Torrens Title subdiv to create 2 allotments
    Lot1 458.992m2 Lot 2 451.008m2 3 Installation of a kitchen to the studio to establish
    a secondary dwelling in each of the dwellings This is proposed to alleviate a
    concern from Council.
  info_url: https://tamworth-web.t1cloud.com/T1PRDefault/WebApps/eProperty/P1/eTrack/eTrackApplicationDetails.aspx?ApplicationId=DA2024-0331&f=%24P1.ETR.APPDET.VIW&r=P1.WEBGUEST
  date_scraped: '2019-05-15'
  date_received: '2024-04-12'
- council_reference: DA2024-0332
  address: 76 Verdelho Drive NORTH TAMWORTH NSW 2340
  description: Fast Track - PAN-427338 - New single storey dwelling
  info_url: https://tamworth-web.t1cloud.com/T1PRDefault/WebApps/eProperty/P1/eTrack/eTrackApplicationDetails.aspx?ApplicationId=DA2024-0332&f=%24P1.ETR.APPDET.VIW&r=P1.WEBGUEST
  date_scraped: '2019-05-15'
  date_received: '2024-04-12'
- council_reference: DA2024-0334
  address: Country Road WESTDALE NSW 2340
  description: PAN-426844 - Construction and Use of 3 x Warehouse/Industrial Units
  info_url: https://tamworth-web.t1cloud.com/T1PRDefault/WebApps/eProperty/P1/eTrack/eTrackApplicationDetails.aspx?ApplicationId=DA2024-0334&f=%24P1.ETR.APPDET.VIW&r=P1.WEBGUEST
  date_scraped: '2019-05-15'
  date_received: '2024-04-15'
- council_reference: DA2024-0335
  address: 36 Caroline Street BENDEMEER NSW 2355
  description: Subdivision of Lot 12 into 2 lots.
  info_url: https://tamworth-web.t1cloud.com/T1PRDefault/WebApps/eProperty/P1/eTrack/eTrackApplicationDetails.aspx?ApplicationId=DA2024-0335&f=%24P1.ETR.APPDET.VIW&r=P1.WEBGUEST
  date_scraped: '2019-05-15'
  date_received: '2024-04-16'
- council_reference: DA2024-0336
  address: 46 Evesham Circuit NORTH TAMWORTH NSW 2340
  description: Construction of Shed (7x7m) and Lean To (3.5x7m), x2 3000L attached
    rainwater tanks to rear of shed
  info_url: https://tamworth-web.t1cloud.com/T1PRDefault/WebApps/eProperty/P1/eTrack/eTrackApplicationDetails.aspx?ApplicationId=DA2024-0336&f=%24P1.ETR.APPDET.VIW&r=P1.WEBGUEST
  date_scraped: '2019-05-15'
  date_received: '2024-04-16'
- council_reference: DA2024-0337
  address: 250-250A Armidale Road EAST TAMWORTH NSW 2340
  description: PAN-422726 - New Serviced Apartments
  info_url: https://tamworth-web.t1cloud.com/T1PRDefault/WebApps/eProperty/P1/eTrack/eTrackApplicationDetails.aspx?ApplicationId=DA2024-0337&f=%24P1.ETR.APPDET.VIW&r=P1.WEBGUEST
  date_scraped: '2019-05-15'
  date_received: '2024-04-18'
- council_reference: DA2024-0338
  address: Bowling Club 27L-27S Napier Street EAST TAMWORTH NSW 2340
  description: Fast Track - PAN-419532 - Proposed New Deck
  info_url: https://tamworth-web.t1cloud.com/T1PRDefault/WebApps/eProperty/P1/eTrack/eTrackApplicationDetails.aspx?ApplicationId=DA2024-0338&f=%24P1.ETR.APPDET.VIW&r=P1.WEBGUEST
  date_scraped: '2019-05-15'
  date_received: '2024-04-18'
- council_reference: DA2024-0339
  address: Rockleigh 507 Heiligmans Lane WARRAL NSW 2340
  description: PAN-428958 - Subdivision of One (1) lot into Four (4) Lots
  info_url: https://tamworth-web.t1cloud.com/T1PRDefault/WebApps/eProperty/P1/eTrack/eTrackApplicationDetails.aspx?ApplicationId=DA2024-0339&f=%24P1.ETR.APPDET.VIW&r=P1.WEBGUEST
  date_scraped: '2019-05-15'
  date_received: '2024-04-19'
- council_reference: DA2024-0341
  address: 43-51 Jenkins Street NUNDLE NSW 2340
  description: PAN-429009 - Continued Use - Shed
  info_url: https://tamworth-web.t1cloud.com/T1PRDefault/WebApps/eProperty/P1/eTrack/eTrackApplicationDetails.aspx?ApplicationId=DA2024-0341&f=%24P1.ETR.APPDET.VIW&r=P1.WEBGUEST
  date_scraped: '2019-05-15'
  date_received: '2024-04-19'
- council_reference: DA2024-0342
  address: 40 Barraba Street MANILLA NSW 2346
  description: PAN-426563 - 10m x 7m Carport with Gable Pitch Roof
  info_url: https://tamworth-web.t1cloud.com/T1PRDefault/WebApps/eProperty/P1/eTrack/eTrackApplicationDetails.aspx?ApplicationId=DA2024-0342&f=%24P1.ETR.APPDET.VIW&r=P1.WEBGUEST
  date_scraped: '2019-05-15'
  date_received: '2024-04-19'
- council_reference: DA2024-0343
  address: 20 Condowie Road DARUKA NSW 2340
  description: "**Withdrawn** Existing and proposed Privacy colourbond fence - 0ne
    metre from side boundary"
  info_url: https://tamworth-web.t1cloud.com/T1PRDefault/WebApps/eProperty/P1/eTrack/eTrackApplicationDetails.aspx?ApplicationId=DA2024-0343&f=%24P1.ETR.APPDET.VIW&r=P1.WEBGUEST
  date_scraped: '2019-05-15'
  date_received: '2024-04-22'
- council_reference: DA2024-0344
  address: 143 Queen Street BARRABA NSW 2347
  description: Renovation of existing structure into a centre based childcare centre
    with on-grade parking and landscape throughout the site.
  info_url: https://tamworth-web.t1cloud.com/T1PRDefault/WebApps/eProperty/P1/eTrack/eTrackApplicationDetails.aspx?ApplicationId=DA2024-0344&f=%24P1.ETR.APPDET.VIW&r=P1.WEBGUEST
  date_scraped: '2019-05-15'
  date_received: '2024-04-23'
- council_reference: DA2024-0345
  address: 288-290 Peel Street TAMWORTH NSW 2340
  description: 2 Lot Subdivision
  info_url: https://tamworth-web.t1cloud.com/T1PRDefault/WebApps/eProperty/P1/eTrack/eTrackApplicationDetails.aspx?ApplicationId=DA2024-0345&f=%24P1.ETR.APPDET.VIW&r=P1.WEBGUEST
  date_scraped: '2019-05-15'
  date_received: '2024-04-23'
- council_reference: LG2024-0665
  address: Kildare 512 Ogunbil Road DUNGOWAN NSW 2340
  description: S68-2024-4630 - Install New AWTS with New Single Story Dwelling
  info_url: https://tamworth-web.t1cloud.com/T1PRDefault/WebApps/eProperty/P1/eTrack/eTrackApplicationDetails.aspx?ApplicationId=LG2024-0665&f=%24P1.ETR.APPDET.VIW&r=P1.WEBGUEST
  date_scraped: '2019-05-15'
  date_received: '2024-03-28'
- council_reference: LG2024-0672
  address: 89 Carthage Street EAST TAMWORTH NSW 2340
  description: S68-2024-1565 - Alterations and Additions to Existing Dwelling
  info_url: https://tamworth-web.t1cloud.com/T1PRDefault/WebApps/eProperty/P1/eTrack/eTrackApplicationDetails.aspx?ApplicationId=LG2024-0672&f=%24P1.ETR.APPDET.VIW&r=P1.WEBGUEST
  date_scraped: '2019-05-15'
  date_received: '2024-04-02'
- council_reference: LG2024-0673
  address: 30 Oaklands Drive NEMINGHA NSW 2340
  description: S68-2024-4807 - Attached Dwelling with new Taylex 1500 AWTS
  info_url: https://tamworth-web.t1cloud.com/T1PRDefault/WebApps/eProperty/P1/eTrack/eTrackApplicationDetails.aspx?ApplicationId=LG2024-0673&f=%24P1.ETR.APPDET.VIW&r=P1.WEBGUEST
  date_scraped: '2019-05-15'
  date_received: '2024-04-02'
- council_reference: LG2024-0675
  address: 4 Baileyana Close MOORE CREEK NSW 2340
  description: S68-2024-4798 - Sewerage, Water & Stormwater Drainage work associated
    with Additions to existing dwelling
  info_url: https://tamworth-web.t1cloud.com/T1PRDefault/WebApps/eProperty/P1/eTrack/eTrackApplicationDetails.aspx?ApplicationId=LG2024-0675&f=%24P1.ETR.APPDET.VIW&r=P1.WEBGUEST
  date_scraped: '2019-05-15'
  date_received: '2024-04-02'
- council_reference: LG2024-0678
  address: 9 Robina Street SOUTH TAMWORTH NSW 2340
  description: S68-2024-5001 - 2 Single Storey Dwellings with Granny flats. Each dwelling
    to be on separate lots with associated site works for both.
  info_url: https://tamworth-web.t1cloud.com/T1PRDefault/WebApps/eProperty/P1/eTrack/eTrackApplicationDetails.aspx?ApplicationId=LG2024-0678&f=%24P1.ETR.APPDET.VIW&r=P1.WEBGUEST
  date_scraped: '2019-05-15'
  date_received: '2024-04-04'
- council_reference: LG2024-0680
  address: 6 Tawny Crescent MOORE CREEK NSW 2340
  description: S68-2024-5110 - Water/Sortmwater/Sewer - Single Story Dwelling
  info_url: https://tamworth-web.t1cloud.com/T1PRDefault/WebApps/eProperty/P1/eTrack/eTrackApplicationDetails.aspx?ApplicationId=LG2024-0680&f=%24P1.ETR.APPDET.VIW&r=P1.WEBGUEST
  date_scraped: '2019-05-15'
  date_received: '2024-04-05'
- council_reference: LG2024-0682
  address: 203 Martins Lane PIALLAMORE NSW 2340
  description: S68-2024-5189 - New Single Storey Dwelling
  info_url: https://tamworth-web.t1cloud.com/T1PRDefault/WebApps/eProperty/P1/eTrack/eTrackApplicationDetails.aspx?ApplicationId=LG2024-0682&f=%24P1.ETR.APPDET.VIW&r=P1.WEBGUEST
  date_scraped: '2019-05-15'
  date_received: '2024-04-08'
- council_reference: LG2024-0683
  address: Service Station 397-401 Goonoo Goonoo Road HILLVUE NSW 2340
  description: S68-2024-4717 - Install of Oil/Water Separator System for existing
    BP Service Station.
  info_url: https://tamworth-web.t1cloud.com/T1PRDefault/WebApps/eProperty/P1/eTrack/eTrackApplicationDetails.aspx?ApplicationId=LG2024-0683&f=%24P1.ETR.APPDET.VIW&r=P1.WEBGUEST
  date_scraped: '2019-05-15'
  date_received: '2024-04-09'
- council_reference: LG2024-0684
  address: 39 Currawong Drive CALALA NSW 2340
  description: S68-2024-5285 - New Single Storey Dwelling
  info_url: https://tamworth-web.t1cloud.com/T1PRDefault/WebApps/eProperty/P1/eTrack/eTrackApplicationDetails.aspx?ApplicationId=LG2024-0684&f=%24P1.ETR.APPDET.VIW&r=P1.WEBGUEST
  date_scraped: '2019-05-15'
  date_received: '2024-04-09'
- council_reference: LG2024-0686
  address: 16 Daintree Circuit MOORE CREEK NSW 2340
  description: S68-2024-5385 - Install Hand Basin into Existing Shed
  info_url: https://tamworth-web.t1cloud.com/T1PRDefault/WebApps/eProperty/P1/eTrack/eTrackApplicationDetails.aspx?ApplicationId=LG2024-0686&f=%24P1.ETR.APPDET.VIW&r=P1.WEBGUEST
  date_scraped: '2019-05-15'
  date_received: '2024-04-10'
- council_reference: LG2024-0687
  address: 2/46 Peak Drive HILLVUE NSW 2340
  description: S68-2024-5397 - New Single Storey Dwelling
  info_url: https://tamworth-web.t1cloud.com/T1PRDefault/WebApps/eProperty/P1/eTrack/eTrackApplicationDetails.aspx?ApplicationId=LG2024-0687&f=%24P1.ETR.APPDET.VIW&r=P1.WEBGUEST
  date_scraped: '2019-05-15'
  date_received: '2024-04-11'
- council_reference: LG2024-0688
  address: 3 Johnston Street NORTH TAMWORTH NSW 2340
  description: S68-2024-5416 - Medical Centre Building
  info_url: https://tamworth-web.t1cloud.com/T1PRDefault/WebApps/eProperty/P1/eTrack/eTrackApplicationDetails.aspx?ApplicationId=LG2024-0688&f=%24P1.ETR.APPDET.VIW&r=P1.WEBGUEST
  date_scraped: '2019-05-15'
  date_received: '2024-04-11'
- council_reference: LG2024-0699
  address: 11/46 Peak Drive HILLVUE NSW 2340
  description: S68-2024-5210 - New Single Storey Dwelling
  info_url: https://tamworth-web.t1cloud.com/T1PRDefault/WebApps/eProperty/P1/eTrack/eTrackApplicationDetails.aspx?ApplicationId=LG2024-0699&f=%24P1.ETR.APPDET.VIW&r=P1.WEBGUEST
  date_scraped: '2019-05-15'
  date_received: '2024-04-12'
- council_reference: LG2024-0702
  address: 76 Verdelho Drive NORTH TAMWORTH NSW 2340
  description: S68-2024-5621 - New Single Storey Dwelling
  info_url: https://tamworth-web.t1cloud.com/T1PRDefault/WebApps/eProperty/P1/eTrack/eTrackApplicationDetails.aspx?ApplicationId=LG2024-0702&f=%24P1.ETR.APPDET.VIW&r=P1.WEBGUEST
  date_scraped: '2019-05-15'
  date_received: '2024-04-16'
- council_reference: LG2024-0718
  address: 82 Verdelho Drive NORTH TAMWORTH NSW 2340
  description: S68-2024-5721 - New Single Storey Dwelling
  info_url: https://tamworth-web.t1cloud.com/T1PRDefault/WebApps/eProperty/P1/eTrack/eTrackApplicationDetails.aspx?ApplicationId=LG2024-0718&f=%24P1.ETR.APPDET.VIW&r=P1.WEBGUEST
  date_scraped: '2019-05-15'
  date_received: '2024-04-22'
- council_reference: OC2024-0021
  address: 6 Balstoni Place MOORE CREEK NSW 2340
  description: CFT-512435 - Shed
  info_url: https://tamworth-web.t1cloud.com/T1PRDefault/WebApps/eProperty/P1/eTrack/eTrackApplicationDetails.aspx?ApplicationId=OC2024-0021&f=%24P1.ETR.APPDET.VIW&r=P1.WEBGUEST
  date_scraped: '2019-05-15'
  date_received: '2024-04-09'
- council_reference: SC2024-0022
  address: Evesham Circuit NORTH TAMWORTH NSW 2340
  description: CFT-450047 - Subdivision of One (1) Lot into Thirty-Eight (38) Lots
    - The Meadows Estate - Stage 6
  info_url: https://tamworth-web.t1cloud.com/T1PRDefault/WebApps/eProperty/P1/eTrack/eTrackApplicationDetails.aspx?ApplicationId=SC2024-0022&f=%24P1.ETR.APPDET.VIW&r=P1.WEBGUEST
  date_scraped: '2019-05-15'
  date_received: '2024-04-08'
- council_reference: SC2024-0027
  address: 31-37 Calala Lane CALALA NSW 2340
  description: CFT-473130 - Creation of Easement (Electrical)
  info_url: https://tamworth-web.t1cloud.com/T1PRDefault/WebApps/eProperty/P1/eTrack/eTrackApplicationDetails.aspx?ApplicationId=SC2024-0027&f=%24P1.ETR.APPDET.VIW&r=P1.WEBGUEST
  date_scraped: '2019-05-15'
  date_received: '2024-04-19'
- council_reference: SC2024-0028
  address: 96 Goonan Street WESTDALE NSW 2340
  description: CFT-472495 - Subdivision - One (1) Lot into Eight (8) Lots - Torrens
    Title
  info_url: https://tamworth-web.t1cloud.com/T1PRDefault/WebApps/eProperty/P1/eTrack/eTrackApplicationDetails.aspx?ApplicationId=SC2024-0028&f=%24P1.ETR.APPDET.VIW&r=P1.WEBGUEST
  date_scraped: '2019-05-15'
  date_received: '2024-04-03'
- council_reference: SC2024-0029
  address: 61 Limbri Road KOOTINGAL NSW 2352
  description: CFT-476391 - Subdivision - One (1) lot into Seventy One (71) lots
  info_url: https://tamworth-web.t1cloud.com/T1PRDefault/WebApps/eProperty/P1/eTrack/eTrackApplicationDetails.aspx?ApplicationId=SC2024-0029&f=%24P1.ETR.APPDET.VIW&r=P1.WEBGUEST
  date_scraped: '2019-05-15'
  date_received: '2024-04-09'
- council_reference: SC2024-0031
  address: 38-124 Green Street WEST TAMWORTH NSW 2340
  description: CFT-493129 - Subdivision - One (1) Lot into Fourteen (14) Lots plus
    Residue - Trafalgar Estate Stage 1
  info_url: https://tamworth-web.t1cloud.com/T1PRDefault/WebApps/eProperty/P1/eTrack/eTrackApplicationDetails.aspx?ApplicationId=SC2024-0031&f=%24P1.ETR.APPDET.VIW&r=P1.WEBGUEST
  date_scraped: '2019-05-15'
  date_received: '2024-03-28'
- council_reference: SC2024-0033
  address: 54 Roderick Street EAST TAMWORTH NSW 2340
  description: CFT-499518 - Subdivision - Consolidation of Two (2) Lots into One (1)
    Lot
  info_url: https://tamworth-web.t1cloud.com/T1PRDefault/WebApps/eProperty/P1/eTrack/eTrackApplicationDetails.aspx?ApplicationId=SC2024-0033&f=%24P1.ETR.APPDET.VIW&r=P1.WEBGUEST
  date_scraped: '2019-05-15'
  date_received: '2024-04-17'
- council_reference: SC2024-0037
  address: 44 Upper Street EAST TAMWORTH NSW 2340
  description: CFT-510154 - Positive covenant and easement to drain sewage over existing
    line of pipes
  info_url: https://tamworth-web.t1cloud.com/T1PRDefault/WebApps/eProperty/P1/eTrack/eTrackApplicationDetails.aspx?ApplicationId=SC2024-0037&f=%24P1.ETR.APPDET.VIW&r=P1.WEBGUEST
  date_scraped: '2019-05-15'
  date_received: '2024-04-17'
