---
- council_reference: 23/1273
  address: 46 RAGLAN STREET HILL TOP NSW 2575
  description: Relocation of main bedroom to opposite of home and extending the lounge
    room
  info_url: https://eservices.wsc.nsw.gov.au/T1PRProd/WebApps/eProperty/P1/eTrack/eTrackApplicationDetails.aspx?ApplicationId=23%2F1273&f=%24P1.ETR.APPDET.VIW&r=P1.WEBGUEST
  date_scraped: '2019-05-15'
  date_received: '2023-09-05'
- council_reference: 23/1522
  address: 36 BONG BONG ROAD MITTAGONG NSW 2575
  description: Dwelling House
  info_url: https://eservices.wsc.nsw.gov.au/T1PRProd/WebApps/eProperty/P1/eTrack/eTrackApplicationDetails.aspx?ApplicationId=23%2F1522&f=%24P1.ETR.APPDET.VIW&r=P1.WEBGUEST
  date_scraped: '2019-05-15'
  date_received: '2023-08-24'
- council_reference: 24/0003
  address: 24 CARLISLE STREET BOWRAL NSW 2576
  description: Residential Alterations and Additions - Extensions, Internal, Shed
  info_url: https://eservices.wsc.nsw.gov.au/T1PRProd/WebApps/eProperty/P1/eTrack/eTrackApplicationDetails.aspx?ApplicationId=24%2F0003&f=%24P1.ETR.APPDET.VIW&r=P1.WEBGUEST
  date_scraped: '2019-05-15'
  date_received: '2023-08-18'
- council_reference: 24/0013
  address: 70 COLO STREET MITTAGONG NSW 2575
  description: Dwelling House
  info_url: https://eservices.wsc.nsw.gov.au/T1PRProd/WebApps/eProperty/P1/eTrack/eTrackApplicationDetails.aspx?ApplicationId=24%2F0013&f=%24P1.ETR.APPDET.VIW&r=P1.WEBGUEST
  date_scraped: '2019-05-15'
  date_received: '2023-08-16'
- council_reference: 24/0031
  address: 7 TRURO PLACE BALMORAL NSW 2571
  description: Dwelling House
  info_url: https://eservices.wsc.nsw.gov.au/T1PRProd/WebApps/eProperty/P1/eTrack/eTrackApplicationDetails.aspx?ApplicationId=24%2F0031&f=%24P1.ETR.APPDET.VIW&r=P1.WEBGUEST
  date_scraped: '2019-05-15'
  date_received: '2023-08-25'
- council_reference: 24/0032
  address: 10 LOUISA STREET MITTAGONG NSW 2575
  description: Residential Alterations & Additions - Detached Studio, Covered Deck
    and Enclosed Porch
  info_url: https://eservices.wsc.nsw.gov.au/T1PRProd/WebApps/eProperty/P1/eTrack/eTrackApplicationDetails.aspx?ApplicationId=24%2F0032&f=%24P1.ETR.APPDET.VIW&r=P1.WEBGUEST
  date_scraped: '2019-05-15'
  date_received: '2023-08-28'
- council_reference: 24/0042
  address: 46A PENROSE ROAD BUNDANOON NSW 2578
  description: Manufactured Home
  info_url: https://eservices.wsc.nsw.gov.au/T1PRProd/WebApps/eProperty/P1/eTrack/eTrackApplicationDetails.aspx?ApplicationId=24%2F0042&f=%24P1.ETR.APPDET.VIW&r=P1.WEBGUEST
  date_scraped: '2019-05-15'
  date_received: '2023-08-29'
- council_reference: 24/0056
  address: 32 OLDBURY STREET BERRIMA NSW 2577
  description: Dwelling House
  info_url: https://eservices.wsc.nsw.gov.au/T1PRProd/WebApps/eProperty/P1/eTrack/eTrackApplicationDetails.aspx?ApplicationId=24%2F0056&f=%24P1.ETR.APPDET.VIW&r=P1.WEBGUEST
  date_scraped: '2019-05-15'
  date_received: '2023-08-29'
- council_reference: 24/0060
  address: 592 MOSS VALE ROAD BURRADOO NSW 2576
  description: Construction of a new dwelling
  info_url: https://eservices.wsc.nsw.gov.au/T1PRProd/WebApps/eProperty/P1/eTrack/eTrackApplicationDetails.aspx?ApplicationId=24%2F0060&f=%24P1.ETR.APPDET.VIW&r=P1.WEBGUEST
  date_scraped: '2019-05-15'
  date_received: '2023-08-22'
- council_reference: 24/0066
  address: 20 MEGALONG LANE (Priv.) CANYONLEIGH NSW 2577
  description: Residential Alterations and Additions - Studio
  info_url: https://eservices.wsc.nsw.gov.au/T1PRProd/WebApps/eProperty/P1/eTrack/eTrackApplicationDetails.aspx?ApplicationId=24%2F0066&f=%24P1.ETR.APPDET.VIW&r=P1.WEBGUEST
  date_scraped: '2019-05-15'
  date_received: '2023-08-28'
- council_reference: 24/0076
  address: 8 BLACKWOOD PLACE ROBERTSON NSW 2577
  description: Residential Alterations and Additions - Shed
  info_url: https://eservices.wsc.nsw.gov.au/T1PRProd/WebApps/eProperty/P1/eTrack/eTrackApplicationDetails.aspx?ApplicationId=24%2F0076&f=%24P1.ETR.APPDET.VIW&r=P1.WEBGUEST
  date_scraped: '2019-05-15'
  date_received: '2023-08-17'
- council_reference: 24/0079
  address: 6 CANDLEBARK PLACE WINGELLO NSW 2579
  description: Residential Alterations and Additions - Shed
  info_url: https://eservices.wsc.nsw.gov.au/T1PRProd/WebApps/eProperty/P1/eTrack/eTrackApplicationDetails.aspx?ApplicationId=24%2F0079&f=%24P1.ETR.APPDET.VIW&r=P1.WEBGUEST
  date_scraped: '2019-05-15'
  date_received: '2023-08-17'
- council_reference: 24/0088
  address: 62 OLD SOUTH ROAD BOWRAL NSW 2576
  description: Modification of DA 22/1442 S4.55 (1A)
  info_url: https://eservices.wsc.nsw.gov.au/T1PRProd/WebApps/eProperty/P1/eTrack/eTrackApplicationDetails.aspx?ApplicationId=24%2F0088&f=%24P1.ETR.APPDET.VIW&r=P1.WEBGUEST
  date_scraped: '2019-05-15'
  date_received: '2023-08-11'
- council_reference: 24/0089
  address: 15 HAZELTON DRIVE MOSS VALE NSW 2577
  description: Residential Alterations and Additions - Swimming Pool
  info_url: https://eservices.wsc.nsw.gov.au/T1PRProd/WebApps/eProperty/P1/eTrack/eTrackApplicationDetails.aspx?ApplicationId=24%2F0089&f=%24P1.ETR.APPDET.VIW&r=P1.WEBGUEST
  date_scraped: '2019-05-15'
  date_received: '2023-08-14'
- council_reference: 24/0101
  address: 64 BENDOOLEY STREET BOWRAL NSW 2576
  description: "- Changes to windows and doors in new addition. Change to low-e glazing
    instead of double glazing. - Ensuite and Master bed moved to southern side, reconfigured
    laundry and W/C. - Retain chimney previously approved for demolition. - Removal
    of chimney towards back of property to allow consolidation of plumbing. - New
    roof over existing hallway to fixing leaking roof."
  info_url: https://eservices.wsc.nsw.gov.au/T1PRProd/WebApps/eProperty/P1/eTrack/eTrackApplicationDetails.aspx?ApplicationId=24%2F0101&f=%24P1.ETR.APPDET.VIW&r=P1.WEBGUEST
  date_scraped: '2019-05-15'
  date_received: '2023-08-15'
- council_reference: 24/0103
  address: 15A BUMBALLA ROAD WINGELLO NSW 2579
  description: We request the removal of 9. in our DA " request of damages deposit
    bond" as this does not apply to our standard single story house construction.
    We DO NOT have any council infrastructure that is at risk of being damaged. We
    have NO water or sewer connections in the whole village, we have NO footpath or
    curb and guttering there are NO trees, we have access to our block via private
    driveway I have been advised by council staff member peter malloy to request deletion
    of 9. - request of damage deposit/bond.
  info_url: https://eservices.wsc.nsw.gov.au/T1PRProd/WebApps/eProperty/P1/eTrack/eTrackApplicationDetails.aspx?ApplicationId=24%2F0103&f=%24P1.ETR.APPDET.VIW&r=P1.WEBGUEST
  date_scraped: '2019-05-15'
  date_received: '2023-08-16'
- council_reference: 24/0104
  address: BOWRAL HIGH SCHOOL 7 PARK ROAD BOWRAL NSW 2576
  description: Educational Establishment - Alterations and Additions
  info_url: https://eservices.wsc.nsw.gov.au/T1PRProd/WebApps/eProperty/P1/eTrack/eTrackApplicationDetails.aspx?ApplicationId=24%2F0104&f=%24P1.ETR.APPDET.VIW&r=P1.WEBGUEST
  date_scraped: '2019-05-15'
  date_received: '2023-08-28'
- council_reference: 24/0109
  address: 56 RANELAGH ROAD BURRADOO NSW 2576
  description: Proposed boundary adjustment between 56 Ranelagh Rd, Burradoo and 101
    Burradoo Road, Burradoo
  info_url: https://eservices.wsc.nsw.gov.au/T1PRProd/WebApps/eProperty/P1/eTrack/eTrackApplicationDetails.aspx?ApplicationId=24%2F0109&f=%24P1.ETR.APPDET.VIW&r=P1.WEBGUEST
  date_scraped: '2019-05-15'
  date_received: '2023-08-23'
- council_reference: 24/0110
  address: 6 ST DENIS CLOSE BURRADOO NSW 2576
  description: Residential Alterations and Additions - Extensions
  info_url: https://eservices.wsc.nsw.gov.au/T1PRProd/WebApps/eProperty/P1/eTrack/eTrackApplicationDetails.aspx?ApplicationId=24%2F0110&f=%24P1.ETR.APPDET.VIW&r=P1.WEBGUEST
  date_scraped: '2019-05-15'
  date_received: '2023-08-28'
- council_reference: 24/0111
  address: 66A OSBORNE ROAD BURRADOO NSW 2576
  description: Residential Alterations and Additions - Alfresco, Deck, Extensions,
    Garage, Internal, Retaining Wall
  info_url: https://eservices.wsc.nsw.gov.au/T1PRProd/WebApps/eProperty/P1/eTrack/eTrackApplicationDetails.aspx?ApplicationId=24%2F0111&f=%24P1.ETR.APPDET.VIW&r=P1.WEBGUEST
  date_scraped: '2019-05-15'
  date_received: '2023-08-21'
- council_reference: 24/0117
  address: 7 LINKS ROAD BURRADOO NSW 2576
  description: Demolition - Garage, Residential Alterations and Additions - Alfresco,
    Deck, Extensions, Garage, Internal, Retaining Walls
  info_url: https://eservices.wsc.nsw.gov.au/T1PRProd/WebApps/eProperty/P1/eTrack/eTrackApplicationDetails.aspx?ApplicationId=24%2F0117&f=%24P1.ETR.APPDET.VIW&r=P1.WEBGUEST
  date_scraped: '2019-05-15'
  date_received: '2023-08-17'
- council_reference: 24/0118
  address: BRIARS INN & LODGE MOSS VALE ROAD BURRADOO NSW 2576
  description: Ongoing use of existing structures associated with the established
    use of the site as a pub
  info_url: https://eservices.wsc.nsw.gov.au/T1PRProd/WebApps/eProperty/P1/eTrack/eTrackApplicationDetails.aspx?ApplicationId=24%2F0118&f=%24P1.ETR.APPDET.VIW&r=P1.WEBGUEST
  date_scraped: '2019-05-15'
  date_received: '2023-08-11'
- council_reference: 24/0120
  address: 19 THOMAS STREET MITTAGONG NSW 2575
  description: Detached dual occupancy with Torrens Title Subdivision
  info_url: https://eservices.wsc.nsw.gov.au/T1PRProd/WebApps/eProperty/P1/eTrack/eTrackApplicationDetails.aspx?ApplicationId=24%2F0120&f=%24P1.ETR.APPDET.VIW&r=P1.WEBGUEST
  date_scraped: '2019-05-15'
  date_received: '2023-08-16'
- council_reference: 24/0121
  address: 62 COLO ROAD COLO VALE NSW 2575
  description: Subdivision of one lot into three lots
  info_url: https://eservices.wsc.nsw.gov.au/T1PRProd/WebApps/eProperty/P1/eTrack/eTrackApplicationDetails.aspx?ApplicationId=24%2F0121&f=%24P1.ETR.APPDET.VIW&r=P1.WEBGUEST
  date_scraped: '2019-05-15'
  date_received: '2023-08-16'
- council_reference: 24/0126
  address: 1220 OLD SOUTH ROAD MITTAGONG NSW 2575
  description: Residential Alterations and Additions - Deck, Extensions, Swimming
    Pool
  info_url: https://eservices.wsc.nsw.gov.au/T1PRProd/WebApps/eProperty/P1/eTrack/eTrackApplicationDetails.aspx?ApplicationId=24%2F0126&f=%24P1.ETR.APPDET.VIW&r=P1.WEBGUEST
  date_scraped: '2019-05-15'
  date_received: '2023-08-28'
- council_reference: 24/0127
  address: 18 ASCOT ROAD BOWRAL NSW 2576
  description: Subdivision of one lot into two lots
  info_url: https://eservices.wsc.nsw.gov.au/T1PRProd/WebApps/eProperty/P1/eTrack/eTrackApplicationDetails.aspx?ApplicationId=24%2F0127&f=%24P1.ETR.APPDET.VIW&r=P1.WEBGUEST
  date_scraped: '2019-05-15'
  date_received: '2023-08-11'
- council_reference: 24/0130
  address: 18B FOREST ROAD WINGELLO NSW 2579
  description: Dwelling House
  info_url: https://eservices.wsc.nsw.gov.au/T1PRProd/WebApps/eProperty/P1/eTrack/eTrackApplicationDetails.aspx?ApplicationId=24%2F0130&f=%24P1.ETR.APPDET.VIW&r=P1.WEBGUEST
  date_scraped: '2019-05-15'
  date_received: '2023-08-22'
- council_reference: 24/0137
  address: 14 HENDERSON AVENUE MITTAGONG NSW 2575
  description: Multi Dwelling Housing - 7 Dwellings
  info_url: https://eservices.wsc.nsw.gov.au/T1PRProd/WebApps/eProperty/P1/eTrack/eTrackApplicationDetails.aspx?ApplicationId=24%2F0137&f=%24P1.ETR.APPDET.VIW&r=P1.WEBGUEST
  date_scraped: '2019-05-15'
  date_received: '2023-08-28'
- council_reference: 24/0139
  address: 16 INNES ROAD MOSS VALE NSW 2577
  description: Subdivision - 6 Lots
  info_url: https://eservices.wsc.nsw.gov.au/T1PRProd/WebApps/eProperty/P1/eTrack/eTrackApplicationDetails.aspx?ApplicationId=24%2F0139&f=%24P1.ETR.APPDET.VIW&r=P1.WEBGUEST
  date_scraped: '2019-05-15'
  date_received: '2023-08-21'
- council_reference: 24/0140
  address: 7 CASUARINA CRESCENT FITZROY FALLS NSW 2577
  description: Residential Alterations and Additions - Studio
  info_url: https://eservices.wsc.nsw.gov.au/T1PRProd/WebApps/eProperty/P1/eTrack/eTrackApplicationDetails.aspx?ApplicationId=24%2F0140&f=%24P1.ETR.APPDET.VIW&r=P1.WEBGUEST
  date_scraped: '2019-05-15'
  date_received: '2023-08-24'
- council_reference: 24/0142
  address: 17 JOADJA STREET WELBY NSW 2575
  description: Residential Alterations and Additions - Carport, Extensions, Internal,
    Studio, Verandah
  info_url: https://eservices.wsc.nsw.gov.au/T1PRProd/WebApps/eProperty/P1/eTrack/eTrackApplicationDetails.aspx?ApplicationId=24%2F0142&f=%24P1.ETR.APPDET.VIW&r=P1.WEBGUEST
  date_scraped: '2019-05-15'
  date_received: '2023-08-21'
- council_reference: 24/0145
  address: 6140 ILLAWARRA HIGHWAY MOSS VALE NSW 2577
  description: Farm Buildings
  info_url: https://eservices.wsc.nsw.gov.au/T1PRProd/WebApps/eProperty/P1/eTrack/eTrackApplicationDetails.aspx?ApplicationId=24%2F0145&f=%24P1.ETR.APPDET.VIW&r=P1.WEBGUEST
  date_scraped: '2019-05-15'
  date_received: '2023-08-24'
- council_reference: 24/0147
  address: 3 CHURCH STREET BOWRAL NSW 2576
  description: Demolition - Verandah, Residential Alterations and Additions - Extensions,
    Internal
  info_url: https://eservices.wsc.nsw.gov.au/T1PRProd/WebApps/eProperty/P1/eTrack/eTrackApplicationDetails.aspx?ApplicationId=24%2F0147&f=%24P1.ETR.APPDET.VIW&r=P1.WEBGUEST
  date_scraped: '2019-05-15'
  date_received: '2023-08-24'
- council_reference: 24/0149
  address: 14 VILLIERS ROAD MOSS VALE NSW 2577
  description: Dwelling
  info_url: https://eservices.wsc.nsw.gov.au/T1PRProd/WebApps/eProperty/P1/eTrack/eTrackApplicationDetails.aspx?ApplicationId=24%2F0149&f=%24P1.ETR.APPDET.VIW&r=P1.WEBGUEST
  date_scraped: '2019-05-15'
  date_received: '2023-08-22'
- council_reference: 24/0150
  address: 25 OXLEY DRIVE BOWRAL NSW 2576
  description: Multi Dwelling Housing - 7 Dwellings
  info_url: https://eservices.wsc.nsw.gov.au/T1PRProd/WebApps/eProperty/P1/eTrack/eTrackApplicationDetails.aspx?ApplicationId=24%2F0150&f=%24P1.ETR.APPDET.VIW&r=P1.WEBGUEST
  date_scraped: '2019-05-15'
  date_received: '2023-08-18'
- council_reference: 24/0152
  address: 6 JANICE CRESCENT MOSS VALE NSW 2577
  description: Replace proposed window in Bed 1 with french door.
  info_url: https://eservices.wsc.nsw.gov.au/T1PRProd/WebApps/eProperty/P1/eTrack/eTrackApplicationDetails.aspx?ApplicationId=24%2F0152&f=%24P1.ETR.APPDET.VIW&r=P1.WEBGUEST
  date_scraped: '2019-05-15'
  date_received: '2023-08-22'
- council_reference: 24/0155
  address: 4991 ILLAWARRA HIGHWAY ROBERTSON NSW 2577
  description: Secondary Dwelling, Residential Alterations and Additions - Cabana,
    Carport, Deck, Swimming Pool
  info_url: https://eservices.wsc.nsw.gov.au/T1PRProd/WebApps/eProperty/P1/eTrack/eTrackApplicationDetails.aspx?ApplicationId=24%2F0155&f=%24P1.ETR.APPDET.VIW&r=P1.WEBGUEST
  date_scraped: '2019-05-15'
  date_received: '2023-08-28'
- council_reference: 24/0156
  address: 47 DARRABY DRIVE MOSS VALE NSW 2577
  description: Residential Alterations and Additions - Retaining Walls
  info_url: https://eservices.wsc.nsw.gov.au/T1PRProd/WebApps/eProperty/P1/eTrack/eTrackApplicationDetails.aspx?ApplicationId=24%2F0156&f=%24P1.ETR.APPDET.VIW&r=P1.WEBGUEST
  date_scraped: '2019-05-15'
  date_received: '2023-08-25'
- council_reference: 24/0162
  address: 30 NANNAS LANE MITTAGONG NSW 2575
  description: Farm Stay Accomodation
  info_url: https://eservices.wsc.nsw.gov.au/T1PRProd/WebApps/eProperty/P1/eTrack/eTrackApplicationDetails.aspx?ApplicationId=24%2F0162&f=%24P1.ETR.APPDET.VIW&r=P1.WEBGUEST
  date_scraped: '2019-05-15'
  date_received: '2023-08-24'
- council_reference: 24/0165
  address: 34 SCHOOL LANE EXETER NSW 2579
  description: Dwelling House, Secondary Dwelling
  info_url: https://eservices.wsc.nsw.gov.au/T1PRProd/WebApps/eProperty/P1/eTrack/eTrackApplicationDetails.aspx?ApplicationId=24%2F0165&f=%24P1.ETR.APPDET.VIW&r=P1.WEBGUEST
  date_scraped: '2019-05-15'
  date_received: '2023-08-25'
- council_reference: 24/0166
  address: 14 ELIZABETH STREET BURRADOO NSW 2576
  description: Secondary Dwelling
  info_url: https://eservices.wsc.nsw.gov.au/T1PRProd/WebApps/eProperty/P1/eTrack/eTrackApplicationDetails.aspx?ApplicationId=24%2F0166&f=%24P1.ETR.APPDET.VIW&r=P1.WEBGUEST
  date_scraped: '2019-05-15'
  date_received: '2023-08-29'
- council_reference: 24/0167
  address: 19 INKERMAN ROAD BALACLAVA NSW 2575
  description: Dwelling House
  info_url: https://eservices.wsc.nsw.gov.au/T1PRProd/WebApps/eProperty/P1/eTrack/eTrackApplicationDetails.aspx?ApplicationId=24%2F0167&f=%24P1.ETR.APPDET.VIW&r=P1.WEBGUEST
  date_scraped: '2019-05-15'
  date_received: '2023-08-25'
- council_reference: 24/0168
  address: 5 LORIS STREET BOWRAL NSW 2576
  description: Residential Alterations and Additions - Extensions, Internal
  info_url: https://eservices.wsc.nsw.gov.au/T1PRProd/WebApps/eProperty/P1/eTrack/eTrackApplicationDetails.aspx?ApplicationId=24%2F0168&f=%24P1.ETR.APPDET.VIW&r=P1.WEBGUEST
  date_scraped: '2019-05-15'
  date_received: '2023-08-28'
- council_reference: 24/0169
  address: PARRY DRIVE BOWRAL NSW 2576
  description: Demolition - Carport, Residential Alterations and Additions - Deck,
    Extensions, Internal, Verandah
  info_url: https://eservices.wsc.nsw.gov.au/T1PRProd/WebApps/eProperty/P1/eTrack/eTrackApplicationDetails.aspx?ApplicationId=24%2F0169&f=%24P1.ETR.APPDET.VIW&r=P1.WEBGUEST
  date_scraped: '2019-05-15'
  date_received: '2023-08-18'
- council_reference: 24/0170
  address: 363 JACKS VALLEY ROAD JOADJA NSW 2575
  description: Single storey addition to the western side of the existing house.
  info_url: https://eservices.wsc.nsw.gov.au/T1PRProd/WebApps/eProperty/P1/eTrack/eTrackApplicationDetails.aspx?ApplicationId=24%2F0170&f=%24P1.ETR.APPDET.VIW&r=P1.WEBGUEST
  date_scraped: '2019-05-15'
  date_received: '2023-08-31'
- council_reference: 24/0172
  address: 13 FLORA STREET COLO VALE NSW 2575
  description: Consent is sought for the modification of the front boundary setback
    approved under DA 21/1682, reducing the setback from 20m to 18m.
  info_url: https://eservices.wsc.nsw.gov.au/T1PRProd/WebApps/eProperty/P1/eTrack/eTrackApplicationDetails.aspx?ApplicationId=24%2F0172&f=%24P1.ETR.APPDET.VIW&r=P1.WEBGUEST
  date_scraped: '2019-05-15'
  date_received: '2023-08-30'
- council_reference: 24/0175
  address: 1-3 WEBB STREET MITTAGONG NSW 2575
  description: Subdivision - 4 Lots
  info_url: https://eservices.wsc.nsw.gov.au/T1PRProd/WebApps/eProperty/P1/eTrack/eTrackApplicationDetails.aspx?ApplicationId=24%2F0175&f=%24P1.ETR.APPDET.VIW&r=P1.WEBGUEST
  date_scraped: '2019-05-15'
  date_received: '2023-08-24'
- council_reference: 24/0177
  address: 80 OLD MANDEMAR ROAD BERRIMA NSW 2577
  description: Dwelling House, Secondary Dwelling
  info_url: https://eservices.wsc.nsw.gov.au/T1PRProd/WebApps/eProperty/P1/eTrack/eTrackApplicationDetails.aspx?ApplicationId=24%2F0177&f=%24P1.ETR.APPDET.VIW&r=P1.WEBGUEST
  date_scraped: '2019-05-15'
  date_received: '2023-08-28'
- council_reference: 24/0178
  address: 26 WAITE STREET MOSS VALE NSW 2577
  description: Demolition - Dwelling House, Garage
  info_url: https://eservices.wsc.nsw.gov.au/T1PRProd/WebApps/eProperty/P1/eTrack/eTrackApplicationDetails.aspx?ApplicationId=24%2F0178&f=%24P1.ETR.APPDET.VIW&r=P1.WEBGUEST
  date_scraped: '2019-05-15'
  date_received: '2023-09-05'
- council_reference: 24/0184
  address: 14 SYDNEY STREET NEW BERRIMA NSW 2577
  description: Residential Alterations and Additions - Extensions
  info_url: https://eservices.wsc.nsw.gov.au/T1PRProd/WebApps/eProperty/P1/eTrack/eTrackApplicationDetails.aspx?ApplicationId=24%2F0184&f=%24P1.ETR.APPDET.VIW&r=P1.WEBGUEST
  date_scraped: '2019-05-15'
  date_received: '2023-08-24'
- council_reference: 24/0185
  address: 84 SHEPHERD STREET BOWRAL NSW 2576
  description: Subdivision - 7 Lots
  info_url: https://eservices.wsc.nsw.gov.au/T1PRProd/WebApps/eProperty/P1/eTrack/eTrackApplicationDetails.aspx?ApplicationId=24%2F0185&f=%24P1.ETR.APPDET.VIW&r=P1.WEBGUEST
  date_scraped: '2019-05-15'
  date_received: '2023-08-25'
- council_reference: 24/0186
  address: 25 NORTH STREET MOSS VALE NSW 2577
  description: Dual Occupancy - Detached, Subdivision - 2 Lots
  info_url: https://eservices.wsc.nsw.gov.au/T1PRProd/WebApps/eProperty/P1/eTrack/eTrackApplicationDetails.aspx?ApplicationId=24%2F0186&f=%24P1.ETR.APPDET.VIW&r=P1.WEBGUEST
  date_scraped: '2019-05-15'
  date_received: '2023-08-29'
- council_reference: 24/0189
  address: 33 CORDEAUX STREET WILLOW VALE NSW 2575
  description: Dwelling House, Secondary Dwelling
  info_url: https://eservices.wsc.nsw.gov.au/T1PRProd/WebApps/eProperty/P1/eTrack/eTrackApplicationDetails.aspx?ApplicationId=24%2F0189&f=%24P1.ETR.APPDET.VIW&r=P1.WEBGUEST
  date_scraped: '2019-05-15'
  date_received: '2023-09-06'
- council_reference: 24/0196
  address: 107 MAIN STREET MITTAGONG NSW 2575
  description: Subdivision - 2 Lots
  info_url: https://eservices.wsc.nsw.gov.au/T1PRProd/WebApps/eProperty/P1/eTrack/eTrackApplicationDetails.aspx?ApplicationId=24%2F0196&f=%24P1.ETR.APPDET.VIW&r=P1.WEBGUEST
  date_scraped: '2019-05-15'
  date_received: '2023-08-14'
- council_reference: 24/0199
  address: 10 SOUTHEY STREET MITTAGONG NSW 2575
  description: Residential Alterations and Additions - Extensions, Internal
  info_url: https://eservices.wsc.nsw.gov.au/T1PRProd/WebApps/eProperty/P1/eTrack/eTrackApplicationDetails.aspx?ApplicationId=24%2F0199&f=%24P1.ETR.APPDET.VIW&r=P1.WEBGUEST
  date_scraped: '2019-05-15'
  date_received: '2023-08-29'
- council_reference: 24/0207
  address: 16 POPPY PLACE BALACLAVA NSW 2575
  description: Dwelling House
  info_url: https://eservices.wsc.nsw.gov.au/T1PRProd/WebApps/eProperty/P1/eTrack/eTrackApplicationDetails.aspx?ApplicationId=24%2F0207&f=%24P1.ETR.APPDET.VIW&r=P1.WEBGUEST
  date_scraped: '2019-05-15'
  date_received: '2023-09-05'
- council_reference: 24/0215
  address: 2 WALKER STREET BOWRAL NSW 2576
  description: Child Care Centre, Demolition - Dwelling House
  info_url: https://eservices.wsc.nsw.gov.au/T1PRProd/WebApps/eProperty/P1/eTrack/eTrackApplicationDetails.aspx?ApplicationId=24%2F0215&f=%24P1.ETR.APPDET.VIW&r=P1.WEBGUEST
  date_scraped: '2019-05-15'
  date_received: '2023-08-28'
- council_reference: 24/0216
  address: 250 GARBUTTS ROAD WINGELLO NSW 2579
  description: Subdivision - Lot Consolidation
  info_url: https://eservices.wsc.nsw.gov.au/T1PRProd/WebApps/eProperty/P1/eTrack/eTrackApplicationDetails.aspx?ApplicationId=24%2F0216&f=%24P1.ETR.APPDET.VIW&r=P1.WEBGUEST
  date_scraped: '2019-05-15'
  date_received: '2023-08-25'
- council_reference: 24/0222
  address: TALLWOOD 632 OLD ARGYLE ROAD EXETER NSW 2579
  description: Residential Alterations and Additions - Swimming Pool
  info_url: https://eservices.wsc.nsw.gov.au/T1PRProd/WebApps/eProperty/P1/eTrack/eTrackApplicationDetails.aspx?ApplicationId=24%2F0222&f=%24P1.ETR.APPDET.VIW&r=P1.WEBGUEST
  date_scraped: '2019-05-15'
  date_received: '2023-09-05'
- council_reference: 24/0237
  address: 26 HERITAGE DRIVE BUNDANOON NSW 2578
  description: Dwelling House
  info_url: https://eservices.wsc.nsw.gov.au/T1PRProd/WebApps/eProperty/P1/eTrack/eTrackApplicationDetails.aspx?ApplicationId=24%2F0237&f=%24P1.ETR.APPDET.VIW&r=P1.WEBGUEST
  date_scraped: '2019-05-15'
  date_received: '2023-09-06'
- council_reference: 24/0238
  address: 26 WAITE STREET MOSS VALE NSW 2577
  description: Dwelling House
  info_url: https://eservices.wsc.nsw.gov.au/T1PRProd/WebApps/eProperty/P1/eTrack/eTrackApplicationDetails.aspx?ApplicationId=24%2F0238&f=%24P1.ETR.APPDET.VIW&r=P1.WEBGUEST
  date_scraped: '2019-05-15'
  date_received: '2023-09-05'
- council_reference: 24/0239
  address: 235 OXLEYS HILL ROAD BOWRAL NSW 2576
  description: Residential Alterations and Additions - Extensions, Swimming Pool
  info_url: https://eservices.wsc.nsw.gov.au/T1PRProd/WebApps/eProperty/P1/eTrack/eTrackApplicationDetails.aspx?ApplicationId=24%2F0239&f=%24P1.ETR.APPDET.VIW&r=P1.WEBGUEST
  date_scraped: '2019-05-15'
  date_received: '2023-09-06'
- council_reference: 24/0253
  address: 24 MARULAN STREET WINGELLO NSW 2579
  description: Residential Alterations and Additions - Swimming Pool
  info_url: https://eservices.wsc.nsw.gov.au/T1PRProd/WebApps/eProperty/P1/eTrack/eTrackApplicationDetails.aspx?ApplicationId=24%2F0253&f=%24P1.ETR.APPDET.VIW&r=P1.WEBGUEST
  date_scraped: '2019-05-15'
  date_received: '2023-08-24'
