---
- council_reference: WYP11001/18.03
  address: 2 Valencia Lane WERRIBEE VIC 3030
  description: Section 72 Amendment - Amendment to Water Retention Facilities and
    Facade
  info_url: https://eproperty.wyndham.vic.gov.au/ePropertyPROD/P1/eTrack/eTrackApplicationDetails.aspx?ApplicationId=WYP11001%2F18.03&f=%24P1.ETR.APPDET.VIW&r=P1.WEBGUEST
  date_scraped: '2019-05-15'
  date_received: '2021-04-20'
- council_reference: WYP12075/20.01
  address: 2/21 Lentini Street HOPPERS CROSSING VIC 3029
  description: Section 72 Amendment - Amendment to Conditions 1, 3, 4, 11, and 26
    - Change of Use, Herbal Shisha Bar, Buildings and Works, reduction of car parking
    and a liquor licence.
  info_url: https://eproperty.wyndham.vic.gov.au/ePropertyPROD/P1/eTrack/eTrackApplicationDetails.aspx?ApplicationId=WYP12075%2F20.01&f=%24P1.ETR.APPDET.VIW&r=P1.WEBGUEST
  date_scraped: '2019-05-15'
  date_received: '2021-04-30'
- council_reference: WYP12108/20.01
  address: 705 Sayers Road HOPPERS CROSSING VIC 3029
  description: Section 72 Amendment to the permit and plans to use to allow for the
    use and development of the land for a medical centre.
  info_url: https://eproperty.wyndham.vic.gov.au/ePropertyPROD/P1/eTrack/eTrackApplicationDetails.aspx?ApplicationId=WYP12108%2F20.01&f=%24P1.ETR.APPDET.VIW&r=P1.WEBGUEST
  date_scraped: '2019-05-15'
  date_received: '2021-04-23'
- council_reference: WYP12202/20.01
  address: 24 Dawley Circuit WERRIBEE VIC 3030
  description: Section 72 Amendment - Buildings and Works associated with the construction
    of four Dwellings (two Dwellings on two different lots) and Subdivision of the
    land into lots each containing one Dwelling.
  info_url: https://eproperty.wyndham.vic.gov.au/ePropertyPROD/P1/eTrack/eTrackApplicationDetails.aspx?ApplicationId=WYP12202%2F20.01&f=%24P1.ETR.APPDET.VIW&r=P1.WEBGUEST
  date_scraped: '2019-05-15'
  date_received: '2021-04-20'
- council_reference: WYP12224/20.01
  address: 17 Warringa Crescent HOPPERS CROSSING VIC 3029
  description: Section 72 amendment to the permit and plans to allow two double storey
    dwellings on the land
  info_url: https://eproperty.wyndham.vic.gov.au/ePropertyPROD/P1/eTrack/eTrackApplicationDetails.aspx?ApplicationId=WYP12224%2F20.01&f=%24P1.ETR.APPDET.VIW&r=P1.WEBGUEST
  date_scraped: '2019-05-15'
  date_received: '2021-05-04'
- council_reference: WYP12239/20.01
  address: 143 Foundation Road TRUGANINA VIC 3029
  description: Section 72 Amendment - Amendments to the permit and the plans - Use
    and development of two warehouses and a reduction to the number of car parking
    spaces required under Clause 52.06
  info_url: https://eproperty.wyndham.vic.gov.au/ePropertyPROD/P1/eTrack/eTrackApplicationDetails.aspx?ApplicationId=WYP12239%2F20.01&f=%24P1.ETR.APPDET.VIW&r=P1.WEBGUEST
  date_scraped: '2019-05-15'
  date_received: '2021-04-16'
- council_reference: WYP12261/20.01
  address: 140 O'Connors Road WERRIBEE SOUTH VIC 3030
  description: Re-subdivision of Land (4 Lots)
  info_url: https://eproperty.wyndham.vic.gov.au/ePropertyPROD/P1/eTrack/eTrackApplicationDetails.aspx?ApplicationId=WYP12261%2F20.01&f=%24P1.ETR.APPDET.VIW&r=P1.WEBGUEST
  date_scraped: '2019-05-15'
  date_received: '2021-04-30'
- council_reference: WYP12795/21
  address: 1/13 Tariff Court WERRIBEE VIC 3030
  description: Change of use
  info_url: https://eproperty.wyndham.vic.gov.au/ePropertyPROD/P1/eTrack/eTrackApplicationDetails.aspx?ApplicationId=WYP12795%2F21&f=%24P1.ETR.APPDET.VIW&r=P1.WEBGUEST
  date_scraped: '2019-05-15'
  date_received: '2021-04-19'
- council_reference: WYP12796/21
  address: 5 Firth Place POINT COOK VIC 3030
  description: Major Promotion Sign
  info_url: https://eproperty.wyndham.vic.gov.au/ePropertyPROD/P1/eTrack/eTrackApplicationDetails.aspx?ApplicationId=WYP12796%2F21&f=%24P1.ETR.APPDET.VIW&r=P1.WEBGUEST
  date_scraped: '2019-05-15'
  date_received: '2021-04-15'
- council_reference: WYP12798/21
  address: Factory 5/21 Westside Drive LAVERTON NORTH VIC 3026
  description: Use of the land for rural industry (sheep skin processing) and a reduction
    in the car parking requirement
  info_url: https://eproperty.wyndham.vic.gov.au/ePropertyPROD/P1/eTrack/eTrackApplicationDetails.aspx?ApplicationId=WYP12798%2F21&f=%24P1.ETR.APPDET.VIW&r=P1.WEBGUEST
  date_scraped: '2019-05-15'
  date_received: '2021-04-22'
- council_reference: WYP12799/21
  address: 1 Trinca Court WERRIBEE VIC 3030
  description: Buildings and Works associated with the construction of three (3) dwellings
  info_url: https://eproperty.wyndham.vic.gov.au/ePropertyPROD/P1/eTrack/eTrackApplicationDetails.aspx?ApplicationId=WYP12799%2F21&f=%24P1.ETR.APPDET.VIW&r=P1.WEBGUEST
  date_scraped: '2019-05-15'
  date_received: '2021-04-19'
- council_reference: WYP12800/21
  address: 28 Glen Street WERRIBEE VIC 3030
  description: Buildings and works associated with the construction of a second dwelling
    to the rear of an existing Dwelling on a lot.
  info_url: https://eproperty.wyndham.vic.gov.au/ePropertyPROD/P1/eTrack/eTrackApplicationDetails.aspx?ApplicationId=WYP12800%2F21&f=%24P1.ETR.APPDET.VIW&r=P1.WEBGUEST
  date_scraped: '2019-05-15'
  date_received: '2021-04-16'
- council_reference: WYP12801/21
  address: 4 Lawler Street POINT COOK VIC 3030
  description: Reduction in the car parking requirement for a three (3) bedroom Dwelling,
    in association with conversion of the garage for use as a premise for a Home Based
    Business.
  info_url: https://eproperty.wyndham.vic.gov.au/ePropertyPROD/P1/eTrack/eTrackApplicationDetails.aspx?ApplicationId=WYP12801%2F21&f=%24P1.ETR.APPDET.VIW&r=P1.WEBGUEST
  date_scraped: '2019-05-15'
  date_received: '2021-04-15'
- council_reference: WYP12807/21
  address: 28 Sidney Nolan Walk POINT COOK VIC 3030
  description: Subdivision of Land - Three (3) Lots and Provision for 173 agreement
    to delay works
  info_url: https://eproperty.wyndham.vic.gov.au/ePropertyPROD/P1/eTrack/eTrackApplicationDetails.aspx?ApplicationId=WYP12807%2F21&f=%24P1.ETR.APPDET.VIW&r=P1.WEBGUEST
  date_scraped: '2019-05-15'
  date_received: '2021-04-23'
- council_reference: WYP12808/21
  address: 34 Patch Circuit LAVERTON NORTH VIC 3026
  description: Buildings & works associated with the construction of two (2) warehouses
  info_url: https://eproperty.wyndham.vic.gov.au/ePropertyPROD/P1/eTrack/eTrackApplicationDetails.aspx?ApplicationId=WYP12808%2F21&f=%24P1.ETR.APPDET.VIW&r=P1.WEBGUEST
  date_scraped: '2019-05-15'
  date_received: '2021-04-22'
- council_reference: WYP12809/21
  address: 641 Tarneit Road HOPPERS CROSSING VIC 3029
  description: Variation to Restrictive Covenant L433696N (20/12/1984) Affecting Lot
    119 on Plan of Subdivision 139570 to Increase the Number of Dwellings Allowed
    on the Lot from One to Twenty, Remove the Requirement that a Dwelling be Constructed
    with Exterior Walls of Brick or Stone and Remove 'Ebling Pty Ltd' as a Conevantor
  info_url: https://eproperty.wyndham.vic.gov.au/ePropertyPROD/P1/eTrack/eTrackApplicationDetails.aspx?ApplicationId=WYP12809%2F21&f=%24P1.ETR.APPDET.VIW&r=P1.WEBGUEST
  date_scraped: '2019-05-15'
  date_received: '2021-04-21'
- council_reference: WYP12810/21
  address: 57-65 Riverside Avenue WERRIBEE VIC 3030
  description: Use and development of the land for an industrial training facility
  info_url: https://eproperty.wyndham.vic.gov.au/ePropertyPROD/P1/eTrack/eTrackApplicationDetails.aspx?ApplicationId=WYP12810%2F21&f=%24P1.ETR.APPDET.VIW&r=P1.WEBGUEST
  date_scraped: '2019-05-15'
  date_received: '2021-04-27'
- council_reference: WYP12811/21
  address: 3A Tangelo Terrace WERRIBEE VIC 3030
  description: Two (2) Lot Subdivision
  info_url: https://eproperty.wyndham.vic.gov.au/ePropertyPROD/P1/eTrack/eTrackApplicationDetails.aspx?ApplicationId=WYP12811%2F21&f=%24P1.ETR.APPDET.VIW&r=P1.WEBGUEST
  date_scraped: '2019-05-15'
  date_received: '2021-04-27'
- council_reference: WYP12812/21
  address: 120 Cunninghams Road WERRIBEE SOUTH VIC 3030
  description: Use and development of one (1) dwelling
  info_url: https://eproperty.wyndham.vic.gov.au/ePropertyPROD/P1/eTrack/eTrackApplicationDetails.aspx?ApplicationId=WYP12812%2F21&f=%24P1.ETR.APPDET.VIW&r=P1.WEBGUEST
  date_scraped: '2019-05-15'
  date_received: '2021-04-26'
- council_reference: WYP12813/21
  address: 120/22-30 Wallace Avenue POINT COOK VIC 3030
  description: Construction of a Warehouse
  info_url: https://eproperty.wyndham.vic.gov.au/ePropertyPROD/P1/eTrack/eTrackApplicationDetails.aspx?ApplicationId=WYP12813%2F21&f=%24P1.ETR.APPDET.VIW&r=P1.WEBGUEST
  date_scraped: '2019-05-15'
  date_received: '2021-04-28'
- council_reference: WYP12814/21
  address: 2-6 Heaths Road HOPPERS CROSSING VIC 3029
  description: Business Identification Signs
  info_url: https://eproperty.wyndham.vic.gov.au/ePropertyPROD/P1/eTrack/eTrackApplicationDetails.aspx?ApplicationId=WYP12814%2F21&f=%24P1.ETR.APPDET.VIW&r=P1.WEBGUEST
  date_scraped: '2019-05-15'
  date_received: '2021-04-26'
- council_reference: WYP12815/21
  address: 2 Wallace Avenue POINT COOK VIC 3030
  description: Change of Use - Dog Grooming Facility (Retail Premises)
  info_url: https://eproperty.wyndham.vic.gov.au/ePropertyPROD/P1/eTrack/eTrackApplicationDetails.aspx?ApplicationId=WYP12815%2F21&f=%24P1.ETR.APPDET.VIW&r=P1.WEBGUEST
  date_scraped: '2019-05-15'
  date_received: '2021-04-28'
- council_reference: WYP12816/21
  address: 800 Derrimut Road TARNEIT VIC 3029
  description: Create access from a Road Zone for a new driveway and turning lane
    off Derrimut Road to allow access to a sales office and car park
  info_url: https://eproperty.wyndham.vic.gov.au/ePropertyPROD/P1/eTrack/eTrackApplicationDetails.aspx?ApplicationId=WYP12816%2F21&f=%24P1.ETR.APPDET.VIW&r=P1.WEBGUEST
  date_scraped: '2019-05-15'
  date_received: '2021-04-27'
- council_reference: WYP12817/21
  address: 204 Duncans Road WERRIBEE VIC 3030
  description: Development of the land for five (5) triple storey dwellings and five
    (5) lot subdivision
  info_url: https://eproperty.wyndham.vic.gov.au/ePropertyPROD/P1/eTrack/eTrackApplicationDetails.aspx?ApplicationId=WYP12817%2F21&f=%24P1.ETR.APPDET.VIW&r=P1.WEBGUEST
  date_scraped: '2019-05-15'
  date_received: '2021-04-30'
- council_reference: WYP12819/21
  address: Shop 16/455 Ballan Road MANOR LAKES VIC 3024
  description: Use of land to sell or consume liquor (Café/Restaurant Liquor Licence)
  info_url: https://eproperty.wyndham.vic.gov.au/ePropertyPROD/P1/eTrack/eTrackApplicationDetails.aspx?ApplicationId=WYP12819%2F21&f=%24P1.ETR.APPDET.VIW&r=P1.WEBGUEST
  date_scraped: '2019-05-15'
  date_received: '2021-05-03'
- council_reference: WYP12820/21
  address: 172-174 Cherry Lane LAVERTON NORTH VIC 3026
  description: Use of the land for a transfer station and reduction to the required
    car parking
  info_url: https://eproperty.wyndham.vic.gov.au/ePropertyPROD/P1/eTrack/eTrackApplicationDetails.aspx?ApplicationId=WYP12820%2F21&f=%24P1.ETR.APPDET.VIW&r=P1.WEBGUEST
  date_scraped: '2019-05-15'
  date_received: '2021-04-29'
- council_reference: WYP12821/21
  address: 74-76 Cottrell Street WERRIBEE VIC 3030
  description: Development of a multi-storey mixed use building including use of the
    land for the purpose of an office (medical centre) and shop and a reduction to
    the number of car parking spaces required under Clause 52.06.
  info_url: https://eproperty.wyndham.vic.gov.au/ePropertyPROD/P1/eTrack/eTrackApplicationDetails.aspx?ApplicationId=WYP12821%2F21&f=%24P1.ETR.APPDET.VIW&r=P1.WEBGUEST
  date_scraped: '2019-05-15'
  date_received: '2021-04-26'
- council_reference: WYP12822/21
  address: 275 Greens Road MAMBOURIN VIC 3024
  description: Removal of Restriction (PS821086J)
  info_url: https://eproperty.wyndham.vic.gov.au/ePropertyPROD/P1/eTrack/eTrackApplicationDetails.aspx?ApplicationId=WYP12822%2F21&f=%24P1.ETR.APPDET.VIW&r=P1.WEBGUEST
  date_scraped: '2019-05-15'
  date_received: '2021-05-03'
- council_reference: WYP12823/21
  address: 14 Corundum Lane TRUGANINA VIC 3029
  description: Construction of a mezzanine floor associated with the warehouse use
    and a reduction in the car parking requirements of 1 car space.
  info_url: https://eproperty.wyndham.vic.gov.au/ePropertyPROD/P1/eTrack/eTrackApplicationDetails.aspx?ApplicationId=WYP12823%2F21&f=%24P1.ETR.APPDET.VIW&r=P1.WEBGUEST
  date_scraped: '2019-05-15'
  date_received: '2021-04-29'
- council_reference: WYP12824/21
  address: 1069 Sayers Road TARNEIT VIC 3029
  description: Use and development of the land for the purposes of a restricted recreation
    facility, place of assembly and food and drink premises (Club Alamora)
  info_url: https://eproperty.wyndham.vic.gov.au/ePropertyPROD/P1/eTrack/eTrackApplicationDetails.aspx?ApplicationId=WYP12824%2F21&f=%24P1.ETR.APPDET.VIW&r=P1.WEBGUEST
  date_scraped: '2019-05-15'
  date_received: '2021-04-30'
- council_reference: WYP12825/21
  address: 33 Banksia Crescent HOPPERS CROSSING VIC 3029
  description: Subdivision - Realignment of Boundary - 2 lots
  info_url: https://eproperty.wyndham.vic.gov.au/ePropertyPROD/P1/eTrack/eTrackApplicationDetails.aspx?ApplicationId=WYP12825%2F21&f=%24P1.ETR.APPDET.VIW&r=P1.WEBGUEST
  date_scraped: '2019-05-15'
  date_received: '2021-05-04'
- council_reference: WYP12826/21
  address: 185 Leakes Road TRUGANINA VIC 3029
  description: Subdivision of land
  info_url: https://eproperty.wyndham.vic.gov.au/ePropertyPROD/P1/eTrack/eTrackApplicationDetails.aspx?ApplicationId=WYP12826%2F21&f=%24P1.ETR.APPDET.VIW&r=P1.WEBGUEST
  date_scraped: '2019-05-15'
  date_received: '2021-05-04'
- council_reference: WYP12827/21
  address: 828 Tarneit Road TARNEIT VIC 3029
  description: Erection and Display of a Business Identification Sign.
  info_url: https://eproperty.wyndham.vic.gov.au/ePropertyPROD/P1/eTrack/eTrackApplicationDetails.aspx?ApplicationId=WYP12827%2F21&f=%24P1.ETR.APPDET.VIW&r=P1.WEBGUEST
  date_scraped: '2019-05-15'
  date_received: '2021-05-04'
- council_reference: WYP12828/21
  address: 45 Fairview Parade TARNEIT VIC 3029
  description: Buildings and Works associated with the construction of a Shed within
    the grounds of an existing Primary School.
  info_url: https://eproperty.wyndham.vic.gov.au/ePropertyPROD/P1/eTrack/eTrackApplicationDetails.aspx?ApplicationId=WYP12828%2F21&f=%24P1.ETR.APPDET.VIW&r=P1.WEBGUEST
  date_scraped: '2019-05-15'
  date_received: '2021-05-03'
- council_reference: WYP12829/21
  address: Factory 7/227-231 Fitzgerald Road LAVERTON NORTH VIC 3026
  description: Use of the land for the Motor Sales.
  info_url: https://eproperty.wyndham.vic.gov.au/ePropertyPROD/P1/eTrack/eTrackApplicationDetails.aspx?ApplicationId=WYP12829%2F21&f=%24P1.ETR.APPDET.VIW&r=P1.WEBGUEST
  date_scraped: '2019-05-15'
  date_received: '2021-05-04'
- council_reference: WYP12830/21
  address: 95 Kookaburra Avenue WERRIBEE VIC 3030
  description: Development of the land for three dwellings
  info_url: https://eproperty.wyndham.vic.gov.au/ePropertyPROD/P1/eTrack/eTrackApplicationDetails.aspx?ApplicationId=WYP12830%2F21&f=%24P1.ETR.APPDET.VIW&r=P1.WEBGUEST
  date_scraped: '2019-05-15'
  date_received: '2021-05-03'
- council_reference: WYP12831/21
  address: 315 Boardwalk Boulevard POINT COOK VIC 3030
  description: Signage - New estate
  info_url: https://eproperty.wyndham.vic.gov.au/ePropertyPROD/P1/eTrack/eTrackApplicationDetails.aspx?ApplicationId=WYP12831%2F21&f=%24P1.ETR.APPDET.VIW&r=P1.WEBGUEST
  date_scraped: '2019-05-15'
  date_received: '2021-05-05'
- council_reference: WYP12832/21
  address: Ground Shop 1/101 Overton Road WILLIAMS LANDING VIC 3027
  description: Car Parking Waiver
  info_url: https://eproperty.wyndham.vic.gov.au/ePropertyPROD/P1/eTrack/eTrackApplicationDetails.aspx?ApplicationId=WYP12832%2F21&f=%24P1.ETR.APPDET.VIW&r=P1.WEBGUEST
  date_scraped: '2019-05-15'
  date_received: '2021-05-07'
- council_reference: WYP12833/21
  address: 3 Cottrell Street WERRIBEE VIC 3030
  description: Development of an office building
  info_url: https://eproperty.wyndham.vic.gov.au/ePropertyPROD/P1/eTrack/eTrackApplicationDetails.aspx?ApplicationId=WYP12833%2F21&f=%24P1.ETR.APPDET.VIW&r=P1.WEBGUEST
  date_scraped: '2019-05-15'
  date_received: '2021-05-03'
- council_reference: WYP12834/21
  address: 1 Eagles Nest Way POINT COOK VIC 3030
  description: Construction of Medical Centre, Signage and Car parking Waiver
  info_url: https://eproperty.wyndham.vic.gov.au/ePropertyPROD/P1/eTrack/eTrackApplicationDetails.aspx?ApplicationId=WYP12834%2F21&f=%24P1.ETR.APPDET.VIW&r=P1.WEBGUEST
  date_scraped: '2019-05-15'
  date_received: '2021-05-04'
- council_reference: WYP12835/21
  address: 270 Bulban Road WERRIBEE VIC 3030
  description: Multi Lot Residential Subdivision & Creation of Reserves
  info_url: https://eproperty.wyndham.vic.gov.au/ePropertyPROD/P1/eTrack/eTrackApplicationDetails.aspx?ApplicationId=WYP12835%2F21&f=%24P1.ETR.APPDET.VIW&r=P1.WEBGUEST
  date_scraped: '2019-05-15'
  date_received: '2021-05-10'
- council_reference: WYP12836/21
  address: 22-32 Morris Road HOPPERS CROSSING VIC 3029
  description: Business identification signs
  info_url: https://eproperty.wyndham.vic.gov.au/ePropertyPROD/P1/eTrack/eTrackApplicationDetails.aspx?ApplicationId=WYP12836%2F21&f=%24P1.ETR.APPDET.VIW&r=P1.WEBGUEST
  date_scraped: '2019-05-15'
  date_received: '2021-05-05'
- council_reference: WYP12837/21
  address: 8 Perpetual Street TRUGANINA VIC 3029
  description: Change of Use - Restaurant. Signage
  info_url: https://eproperty.wyndham.vic.gov.au/ePropertyPROD/P1/eTrack/eTrackApplicationDetails.aspx?ApplicationId=WYP12837%2F21&f=%24P1.ETR.APPDET.VIW&r=P1.WEBGUEST
  date_scraped: '2019-05-15'
  date_received: '2021-05-10'
- council_reference: WYP12838/21
  address: 8 Perpetual Street TRUGANINA VIC 3029
  description: Increase Patron Numbers
  info_url: https://eproperty.wyndham.vic.gov.au/ePropertyPROD/P1/eTrack/eTrackApplicationDetails.aspx?ApplicationId=WYP12838%2F21&f=%24P1.ETR.APPDET.VIW&r=P1.WEBGUEST
  date_scraped: '2019-05-15'
  date_received: '2021-05-10'
- council_reference: WYP12839/21
  address: 10 Bonview Circuit TRUGANINA VIC 3029
  description: Subdivision of Land - 3 lots
  info_url: https://eproperty.wyndham.vic.gov.au/ePropertyPROD/P1/eTrack/eTrackApplicationDetails.aspx?ApplicationId=WYP12839%2F21&f=%24P1.ETR.APPDET.VIW&r=P1.WEBGUEST
  date_scraped: '2019-05-15'
  date_received: '2021-05-11'
- council_reference: WYP2004/08.14
  address: 280-286 Point Cook Road POINT COOK VIC 3030
  description: Amendment to Condition 5 of the Planning Permit to Allow the Gaming
    Room to Operate to 3am (All Days) and to Reduce the Operating Hours of the Bistro
    and Assembly Rooms by One Hour (All Days)
  info_url: https://eproperty.wyndham.vic.gov.au/ePropertyPROD/P1/eTrack/eTrackApplicationDetails.aspx?ApplicationId=WYP2004%2F08.14&f=%24P1.ETR.APPDET.VIW&r=P1.WEBGUEST
  date_scraped: '2019-05-15'
  date_received: '2021-05-03'
- council_reference: WYP7085/13.06
  address: 428 Old Geelong Road HOPPERS CROSSING VIC 3029
  description: Section 72 Amendment to include electronic signs as part of the permit
    preamble and amendments to the plans including news electronic signs and minor
    changes to the drive thru.
  info_url: https://eproperty.wyndham.vic.gov.au/ePropertyPROD/P1/eTrack/eTrackApplicationDetails.aspx?ApplicationId=WYP7085%2F13.06&f=%24P1.ETR.APPDET.VIW&r=P1.WEBGUEST
  date_scraped: '2019-05-15'
  date_received: '2021-05-04'
- council_reference: WYP8599/15.28
  address: 1283 Dohertys Road TARNEIT VIC 3029
  description: Section 72 Amendment - Changes to Condition 99 - Staged subdivision
    of the land, creation of a restriction and creation of an access to a road zone
  info_url: https://eproperty.wyndham.vic.gov.au/ePropertyPROD/P1/eTrack/eTrackApplicationDetails.aspx?ApplicationId=WYP8599%2F15.28&f=%24P1.ETR.APPDET.VIW&r=P1.WEBGUEST
  date_scraped: '2019-05-15'
  date_received: '2021-04-23'
- council_reference: WYP9511/16.13
  address: 1081 Leakes Road TARNEIT VIC 3029
  description: "Section 72 amendment involving minor changes to the building appearance
    to meet relevant building requirements, revisions of the proposed signage strategy
    to better reflect the typical signage provided at Aldi\r\nSupermarkets, provision
    of information on the Landscape Plan as to the treatment of the future pad Site
    (prior to the Pad Site being developed); and deletion of the additional door into
    Aldi (from Hummingbird Way)."
  info_url: https://eproperty.wyndham.vic.gov.au/ePropertyPROD/P1/eTrack/eTrackApplicationDetails.aspx?ApplicationId=WYP9511%2F16.13&f=%24P1.ETR.APPDET.VIW&r=P1.WEBGUEST
  date_scraped: '2019-05-15'
  date_received: '2021-05-03'
